<html>
<body>
<pre>
<h1>µVision Build Log</h1>
<h2>Tool Versions:</h2>
IDE-Version: µVision V5.31.0.0
Copyright (C) 2020 ARM Ltd and ARM Germany GmbH. All rights reserved.
License Information: hanh hanh, hanh, LIC=RC93N-YQ1R1-II15V-PFSZU-S94MV-2MG12
 
Tool Versions:
Toolchain:       MDK-ARM Plus  Version: 5.31.0.0
Toolchain Path:  C:\Keil_v5\ARM\ARMCC\Bin
C Compiler:      Armcc.exe V5.06 update 6 (build 750)
Assembler:       Armasm.exe V5.06 update 6 (build 750)
Linker/Locator:  ArmLink.exe V5.06 update 6 (build 750)
Library Manager: ArmAr.exe V5.06 update 6 (build 750)
Hex Converter:   FromElf.exe V5.06 update 6 (build 750)
CPU DLL:         SARMCM3.DLL V5.31.0.0
Dialog DLL:      DCM.DLL V1.17.3.0
Target DLL:      STLink\ST-LINKIII-KEIL_SWO.dll V3.0.7.0
Dialog DLL:      TCM.DLL V1.46.0.0
 
<h2>Project:</h2>
E:\Bai_tap_tat_ca\STM_32\Project_Anh_Tan\Bai1_Uart_22_12\MDK-ARM\Bai1_Uart_22_12.uvprojx
Project File Date:  01/10/2023

<h2>Output:</h2>
*** Using Compiler 'V5.06 update 6 (build 750)', folder: 'C:\Keil_v5\ARM\ARMCC\Bin'
Build target 'Bai1_Uart_22_12'
compiling delay_timer.c...
..\Timer_Delay\delay_timer.c(28): warning:  #1-D: last line of file ends without a newline
  }
..\Timer_Delay\delay_timer.c: 1 warning, 0 errors
compiling main.c...
../Core/Src/main.c(129): warning:  #167-D: argument of type "uint8_t *" is incompatible with parameter of type "char *restrict"
  	snprintf(V1_buff, 99, "%f", V1);
../Core/Src/main.c(134): warning:  #167-D: argument of type "uint8_t *" is incompatible with parameter of type "char *restrict"
  	snprintf(V2_buff, 99, "%f", V2);
../Core/Src/main.c(211): warning:  #177-D: variable "t"  was declared but never referenced
    uint32_t t = 0;
../Core/Src/main.c: 3 warnings, 0 errors
linking...
Program Size: Code=20224 RO-data=416 RW-data=220 ZI-data=5500  
FromELF: creating hex file...
"Bai1_Uart_22_12\Bai1_Uart_22_12.axf" - 0 Error(s), 4 Warning(s).

<h2>Software Packages used:</h2>

Package Vendor: ARM
                http://www.keil.com/pack/ARM.CMSIS.5.7.0.pack
                ARM.CMSIS.5.7.0
                CMSIS (Cortex Microcontroller Software Interface Standard)
   * Component: CORE Version: 5.4.0

Package Vendor: Keil
                http://www.keil.com/pack/Keil.STM32F1xx_DFP.2.3.0.pack
                Keil.STM32F1xx_DFP.2.3.0
                STMicroelectronics STM32F1 Series Device Support, Drivers and Examples

<h2>Collection of Component include folders:</h2>
  .\RTE\_Bai1_Uart_22_12
  C:\Users\Admin\AppData\Local\Arm\Packs\ARM\CMSIS\5.7.0\CMSIS\Core\Include
  C:\Users\Admin\AppData\Local\Arm\Packs\Keil\STM32F1xx_DFP\2.3.0\Device\Include

<h2>Collection of Component Files used:</h2>

   * Component: ARM::CMSIS:CORE:5.4.0
      Include file:  CMSIS\Core\Include\tz_context.h
Build Time Elapsed:  00:00:03
</pre>
</body>
</html>
