Component: ARM Compiler 5.06 update 6 (build 750) Tool: armlink [4d35ed]

==============================================================================

Section Cross References

    startup_stm32f103xb.o(RESET) refers to startup_stm32f103xb.o(STACK) for __initial_sp
    startup_stm32f103xb.o(RESET) refers to startup_stm32f103xb.o(.text) for Reset_Handler
    startup_stm32f103xb.o(RESET) refers to stm32f1xx_it.o(i.NMI_Handler) for NMI_Handler
    startup_stm32f103xb.o(RESET) refers to stm32f1xx_it.o(i.HardFault_Handler) for HardFault_Handler
    startup_stm32f103xb.o(RESET) refers to stm32f1xx_it.o(i.MemManage_Handler) for MemManage_Handler
    startup_stm32f103xb.o(RESET) refers to stm32f1xx_it.o(i.BusFault_Handler) for BusFault_Handler
    startup_stm32f103xb.o(RESET) refers to stm32f1xx_it.o(i.UsageFault_Handler) for UsageFault_Handler
    startup_stm32f103xb.o(RESET) refers to port.o(.emb_text) for SVC_Handler
    startup_stm32f103xb.o(RESET) refers to stm32f1xx_it.o(i.DebugMon_Handler) for DebugMon_Handler
    startup_stm32f103xb.o(RESET) refers to port.o(i.SysTick_Handler) for SysTick_Handler
    startup_stm32f103xb.o(RESET) refers to stm32f1xx_it.o(i.TIM4_IRQHandler) for TIM4_IRQHandler
    startup_stm32f103xb.o(RESET) refers to stm32f1xx_it.o(i.USART1_IRQHandler) for USART1_IRQHandler
    startup_stm32f103xb.o(.text) refers to system_stm32f1xx.o(i.SystemInit) for SystemInit
    startup_stm32f103xb.o(.text) refers to entry.o(.ARM.Collect$$$$00000000) for __main
    main.o(i.ADC_Select_CH0) refers to stm32f1xx_hal_adc.o(i.HAL_ADC_ConfigChannel) for HAL_ADC_ConfigChannel
    main.o(i.ADC_Select_CH0) refers to main.o(i.Error_Handler) for Error_Handler
    main.o(i.ADC_Select_CH0) refers to main.o(.bss) for hadc2
    main.o(i.ADC_Select_CH1) refers to stm32f1xx_hal_adc.o(i.HAL_ADC_ConfigChannel) for HAL_ADC_ConfigChannel
    main.o(i.ADC_Select_CH1) refers to main.o(i.Error_Handler) for Error_Handler
    main.o(i.ADC_Select_CH1) refers to main.o(.bss) for hadc2
    main.o(i.HAL_TIM_PeriodElapsedCallback) refers to stm32f1xx_hal.o(i.HAL_IncTick) for HAL_IncTick
    main.o(i.HAL_UART_RxCpltCallback) refers to stm32f1xx_hal_uart.o(i.HAL_UART_Receive_IT) for HAL_UART_Receive_IT
    main.o(i.HAL_UART_RxCpltCallback) refers to main.o(.bss) for huart1
    main.o(i.MX_ADC1_Init) refers to stm32f1xx_hal_adc.o(i.HAL_ADC_Init) for HAL_ADC_Init
    main.o(i.MX_ADC1_Init) refers to main.o(i.Error_Handler) for Error_Handler
    main.o(i.MX_ADC1_Init) refers to stm32f1xx_hal_adc.o(i.HAL_ADC_ConfigChannel) for HAL_ADC_ConfigChannel
    main.o(i.MX_ADC1_Init) refers to main.o(.bss) for hadc1
    main.o(i.MX_ADC2_Init) refers to stm32f1xx_hal_adc.o(i.HAL_ADC_Init) for HAL_ADC_Init
    main.o(i.MX_ADC2_Init) refers to main.o(i.Error_Handler) for Error_Handler
    main.o(i.MX_ADC2_Init) refers to stm32f1xx_hal_adc.o(i.HAL_ADC_ConfigChannel) for HAL_ADC_ConfigChannel
    main.o(i.MX_ADC2_Init) refers to main.o(.bss) for hadc2
    main.o(i.MX_GPIO_Init) refers to stm32f1xx_hal_gpio.o(i.HAL_GPIO_WritePin) for HAL_GPIO_WritePin
    main.o(i.MX_GPIO_Init) refers to stm32f1xx_hal_gpio.o(i.HAL_GPIO_Init) for HAL_GPIO_Init
    main.o(i.MX_TIM2_Init) refers to memseta.o(.text) for __aeabi_memclr4
    main.o(i.MX_TIM2_Init) refers to stm32f1xx_hal_tim.o(i.HAL_TIM_Base_Init) for HAL_TIM_Base_Init
    main.o(i.MX_TIM2_Init) refers to main.o(i.Error_Handler) for Error_Handler
    main.o(i.MX_TIM2_Init) refers to stm32f1xx_hal_tim.o(i.HAL_TIM_ConfigClockSource) for HAL_TIM_ConfigClockSource
    main.o(i.MX_TIM2_Init) refers to stm32f1xx_hal_tim.o(i.HAL_TIM_PWM_Init) for HAL_TIM_PWM_Init
    main.o(i.MX_TIM2_Init) refers to stm32f1xx_hal_tim_ex.o(i.HAL_TIMEx_MasterConfigSynchronization) for HAL_TIMEx_MasterConfigSynchronization
    main.o(i.MX_TIM2_Init) refers to stm32f1xx_hal_tim.o(i.HAL_TIM_PWM_ConfigChannel) for HAL_TIM_PWM_ConfigChannel
    main.o(i.MX_TIM2_Init) refers to stm32f1xx_hal_msp.o(i.HAL_TIM_MspPostInit) for HAL_TIM_MspPostInit
    main.o(i.MX_TIM2_Init) refers to main.o(.bss) for htim2
    main.o(i.MX_TIM3_Init) refers to stm32f1xx_hal_tim.o(i.HAL_TIM_Base_Init) for HAL_TIM_Base_Init
    main.o(i.MX_TIM3_Init) refers to main.o(i.Error_Handler) for Error_Handler
    main.o(i.MX_TIM3_Init) refers to stm32f1xx_hal_tim.o(i.HAL_TIM_ConfigClockSource) for HAL_TIM_ConfigClockSource
    main.o(i.MX_TIM3_Init) refers to stm32f1xx_hal_tim_ex.o(i.HAL_TIMEx_MasterConfigSynchronization) for HAL_TIMEx_MasterConfigSynchronization
    main.o(i.MX_TIM3_Init) refers to main.o(.bss) for htim3
    main.o(i.MX_USART1_UART_Init) refers to stm32f1xx_hal_uart.o(i.HAL_UART_Init) for HAL_UART_Init
    main.o(i.MX_USART1_UART_Init) refers to main.o(i.Error_Handler) for Error_Handler
    main.o(i.MX_USART1_UART_Init) refers to main.o(.bss) for huart1
    main.o(i.Pluse) refers to delay_timer.o(i.Delayms) for Delayms
    main.o(i.Pluse) refers to main.o(.bss) for htim2
    main.o(i.Pluse100) refers to main.o(i.Trans_UART) for Trans_UART
[...]
    i.ReadVol_PA0                            0x08003710   Section        0  main.o(i.ReadVol_PA0)
    i.ReadVol_PA1                            0x080037c0   Section        0  main.o(i.ReadVol_PA1)
    i.ReadVol_Vref                           0x0800383c   Section        0  main.o(i.ReadVol_Vref)
    i.SysTick_Handler                        0x080038c0   Section        0  port.o(i.SysTick_Handler)
    i.SystemClock_Config                     0x080038f4   Section        0  main.o(i.SystemClock_Config)
    i.SystemInit                             0x08003978   Section        0  system_stm32f1xx.o(i.SystemInit)
    i.TIM4_IRQHandler                        0x0800397c   Section        0  stm32f1xx_it.o(i.TIM4_IRQHandler)
    i.TIM_Base_SetConfig                     0x0800398c   Section        0  stm32f1xx_hal_tim.o(i.TIM_Base_SetConfig)
    i.TIM_CCxChannelCmd                      0x08003a00   Section        0  stm32f1xx_hal_tim.o(i.TIM_CCxChannelCmd)
    i.TIM_ETR_SetConfig                      0x08003a22   Section        0  stm32f1xx_hal_tim.o(i.TIM_ETR_SetConfig)
    i.TIM_ITRx_SetConfig                     0x08003a38   Section        0  stm32f1xx_hal_tim.o(i.TIM_ITRx_SetConfig)
    TIM_ITRx_SetConfig                       0x08003a39   Thumb Code    18  stm32f1xx_hal_tim.o(i.TIM_ITRx_SetConfig)
    i.TIM_OC1_SetConfig                      0x08003a4c   Section        0  stm32f1xx_hal_tim.o(i.TIM_OC1_SetConfig)
    TIM_OC1_SetConfig                        0x08003a4d   Thumb Code    90  stm32f1xx_hal_tim.o(i.TIM_OC1_SetConfig)
    i.TIM_OC2_SetConfig                      0x08003aac   Section        0  stm32f1xx_hal_tim.o(i.TIM_OC2_SetConfig)
    i.TIM_OC3_SetConfig                      0x08003b14   Section        0  stm32f1xx_hal_tim.o(i.TIM_OC3_SetConfig)
    TIM_OC3_SetConfig                        0x08003b15   Thumb Code    98  stm32f1xx_hal_tim.o(i.TIM_OC3_SetConfig)
    i.TIM_OC4_SetConfig                      0x08003b7c   Section        0  stm32f1xx_hal_tim.o(i.TIM_OC4_SetConfig)
    TIM_OC4_SetConfig                        0x08003b7d   Thumb Code    68  stm32f1xx_hal_tim.o(i.TIM_OC4_SetConfig)
    i.TIM_TI1_ConfigInputStage               0x08003bc4   Section        0  stm32f1xx_hal_tim.o(i.TIM_TI1_ConfigInputStage)
    TIM_TI1_ConfigInputStage                 0x08003bc5   Thumb Code    38  stm32f1xx_hal_tim.o(i.TIM_TI1_ConfigInputStage)
    i.TIM_TI2_ConfigInputStage               0x08003bea   Section        0  stm32f1xx_hal_tim.o(i.TIM_TI2_ConfigInputStage)
    TIM_TI2_ConfigInputStage                 0x08003beb   Thumb Code    40  stm32f1xx_hal_tim.o(i.TIM_TI2_ConfigInputStage)
    i.TranVol_PA0                            0x08003c14   Section        0  main.o(i.TranVol_PA0)
    i.TranVol_PA1                            0x08003c68   Section        0  main.o(i.TranVol_PA1)
    i.TranVol_Vref                           0x08003cbc   Section        0  main.o(i.TranVol_Vref)
    i.Tranfer_Receive                        0x08003cd4   Section        0  main.o(i.Tranfer_Receive)
    i.Trans_UART                             0x08003cf0   Section        0  main.o(i.Trans_UART)
    i.UART_DMAAbortOnError                   0x08003ed8   Section        0  stm32f1xx_hal_uart.o(i.UART_DMAAbortOnError)
    UART_DMAAbortOnError                     0x08003ed9   Thumb Code    20  stm32f1xx_hal_uart.o(i.UART_DMAAbortOnError)
    i.UART_EndRxTransfer                     0x08003eec   Section        0  stm32f1xx_hal_uart.o(i.UART_EndRxTransfer)
    UART_EndRxTransfer                       0x08003eed   Thumb Code    54  stm32f1xx_hal_uart.o(i.UART_EndRxTransfer)
    i.UART_EndTransmit_IT                    0x08003f22   Section        0  stm32f1xx_hal_uart.o(i.UART_EndTransmit_IT)
    UART_EndTransmit_IT                      0x08003f23   Thumb Code    32  stm32f1xx_hal_uart.o(i.UART_EndTransmit_IT)
    i.UART_Receive_IT                        0x08003f42   Section        0  stm32f1xx_hal_uart.o(i.UART_Receive_IT)
    UART_Receive_IT                          0x08003f43   Thumb Code   228  stm32f1xx_hal_uart.o(i.UART_Receive_IT)
    i.UART_SetConfig                         0x08004028   Section        0  stm32f1xx_hal_uart.o(i.UART_SetConfig)
    UART_SetConfig                           0x08004029   Thumb Code   248  stm32f1xx_hal_uart.o(i.UART_SetConfig)
    i.UART_Start_Receive_IT                  0x08004124   Section        0  stm32f1xx_hal_uart.o(i.UART_Start_Receive_IT)
    i.UART_Transmit_IT                       0x0800416a   Section        0  stm32f1xx_hal_uart.o(i.UART_Transmit_IT)
    UART_Transmit_IT                         0x0800416b   Thumb Code    96  stm32f1xx_hal_uart.o(i.UART_Transmit_IT)
    i.UART_WaitOnFlagUntilTimeout            0x080041ca   Section        0  stm32f1xx_hal_uart.o(i.UART_WaitOnFlagUntilTimeout)
    UART_WaitOnFlagUntilTimeout              0x080041cb   Thumb Code   108  stm32f1xx_hal_uart.o(i.UART_WaitOnFlagUntilTimeout)
    i.USART1_IRQHandler                      0x08004238   Section        0  stm32f1xx_it.o(i.USART1_IRQHandler)
    i.UsageFault_Handler                     0x08004248   Section        0  stm32f1xx_it.o(i.UsageFault_Handler)
    i.Voltage                                0x0800424c   Section        0  main.o(i.Voltage)
    i.__0printf                              0x08004268   Section        0  printfa.o(i.__0printf)
    i.__0snprintf                            0x08004288   Section        0  printfa.o(i.__0snprintf)
    i.__0sprintf                             0x080042b8   Section        0  printfa.o(i.__0sprintf)
    i.__NVIC_GetPriorityGrouping             0x080042e0   Section        0  stm32f1xx_hal_cortex.o(i.__NVIC_GetPriorityGrouping)
    __NVIC_GetPriorityGrouping               0x080042e1   Thumb Code    10  stm32f1xx_hal_cortex.o(i.__NVIC_GetPriorityGrouping)
    i.__NVIC_SetPriority                     0x080042f0   Section        0  stm32f1xx_hal_cortex.o(i.__NVIC_SetPriority)
    __NVIC_SetPriority                       0x080042f1   Thumb Code    32  stm32f1xx_hal_cortex.o(i.__NVIC_SetPriority)
    i.__free$realloc                         0x08004318   Section        0  mallocr.o(i.__free$realloc)
    i.__malloc$realloc                       0x08004374   Section        0  mallocr.o(i.__malloc$realloc)
    i.__scatterload_copy                     0x080043c4   Section       14  handlers.o(i.__scatterload_copy)
    i.__scatterload_null                     0x080043d2   Section        2  handlers.o(i.__scatterload_null)
    i.__scatterload_zeroinit                 0x080043d4   Section       14  handlers.o(i.__scatterload_zeroinit)
    i._fp_digits                             0x080043e4   Section        0  printfa.o(i._fp_digits)
    _fp_digits                               0x080043e5   Thumb Code   366  printfa.o(i._fp_digits)
    i._is_digit                              0x08004568   Section        0  scanf_fp.o(i._is_digit)
    i._printf_core                           0x08004578   Section        0  printfa.o(i._printf_core)
    _printf_core                             0x08004579   Thumb Code  1744  printfa.o(i._printf_core)
    i._printf_post_padding                   0x08004c54   Section        0  printfa.o(i._printf_post_padding)
    _printf_post_padding                     0x08004c55   Thumb Code    36  printfa.o(i._printf_post_padding)
    i._printf_pre_padding                    0x08004c78   Section        0  printfa.o(i._printf_pre_padding)
    _printf_pre_padding                      0x08004c79   Thumb Code    46  printfa.o(i._printf_pre_padding)
    i._snputc                                0x08004ca6   Section        0  printfa.o(i._snputc)
    _snputc                                  0x08004ca7   Thumb Code    22  printfa.o(i._snputc)
    i._sputc                                 0x08004cbc   Section        0  printfa.o(i._sputc)
    _sputc                                   0x08004cbd   Thumb Code    10  printfa.o(i._sputc)
    i.add_item_to_array                      0x08004cc6   Section        0  cjson.o(i.add_item_to_array)
    add_item_to_array                        0x08004cc7   Thumb Code    54  cjson.o(i.add_item_to_array)
    i.add_item_to_object                     0x08004cfc   Section        0  cjson.o(i.add_item_to_object)
    add_item_to_object                       0x08004cfd   Thumb Code   122  cjson.o(i.add_item_to_object)
    i.cJSON_AddItemToObject                  0x08004d78   Section        0  cjson.o(i.cJSON_AddItemToObject)
    i.cJSON_CreateObject                     0x08004d98   Section        0  cjson.o(i.cJSON_CreateObject)
    i.cJSON_CreateString                     0x08004db0   Section        0  cjson.o(i.cJSON_CreateString)
    i.cJSON_Delete                           0x08004de4   Section        0  cjson.o(i.cJSON_Delete)
    i.cJSON_New_Item                         0x08004e3c   Section        0  cjson.o(i.cJSON_New_Item)
    cJSON_New_Item                           0x08004e3d   Thumb Code    26  cjson.o(i.cJSON_New_Item)
    i.cJSON_Print                            0x08004e58   Section        0  cjson.o(i.cJSON_Print)
    i.cJSON_strdup                           0x08004e6c   Section        0  cjson.o(i.cJSON_strdup)
    cJSON_strdup                             0x08004e6d   Thumb Code    56  cjson.o(i.cJSON_strdup)
    i.cast_away_const                        0x08004ea4   Section        0  cjson.o(i.cast_away_const)
    cast_away_const                          0x08004ea5   Thumb Code     2  cjson.o(i.cast_away_const)
    i.compare_double                         0x08004ea8   Section        0  cjson.o(i.compare_double)
    compare_double                           0x08004ea9   Thumb Code   112  cjson.o(i.compare_double)
    i.delayus                                0x08004f1c   Section        0  delay_timer.o(i.delayus)
    i.ensure                                 0x08004f60   Section        0  cjson.o(i.ensure)
    ensure                                   0x08004f61   Thumb Code   184  cjson.o(i.ensure)
    i.fputc                                  0x08005018   Section        0  main.o(i.fputc)
    i.get_decimal_point                      0x08005034   Section        0  cjson.o(i.get_decimal_point)
    get_decimal_point                        0x08005035   Thumb Code     4  cjson.o(i.get_decimal_point)
    i.internal_alloc                         0x08005038   Section        0  mallocr.o(i.internal_alloc)
    internal_alloc                           0x08005039   Thumb Code    76  mallocr.o(i.internal_alloc)
    i.main                                   0x08005088   Section        0  main.o(i.main)
    i.makeFreeRtosPriority                   0x080051b8   Section        0  cmsis_os.o(i.makeFreeRtosPriority)
    makeFreeRtosPriority                     0x080051b9   Thumb Code    14  cmsis_os.o(i.makeFreeRtosPriority)
    i.osDelay                                0x080051c6   Section        0  cmsis_os.o(i.osDelay)
    i.osKernelStart                          0x080051de   Section        0  cmsis_os.o(i.osKernelStart)
    i.osThreadCreate                         0x080051e8   Section        0  cmsis_os.o(i.osThreadCreate)
    i.print                                  0x08005246   Section        0  cjson.o(i.print)
    print                                    0x08005247   Thumb Code   178  cjson.o(i.print)
    i.print_array                            0x080052f8   Section        0  cjson.o(i.print_array)
    print_array                              0x080052f9   Thumb Code   178  cjson.o(i.print_array)
    i.print_number                           0x080053ac   Section        0  cjson.o(i.print_number)
    print_number                             0x080053ad   Thumb Code   304  cjson.o(i.print_number)
    i.print_object                           0x08005500   Section        0  cjson.o(i.print_object)
    print_object                             0x08005501   Thumb Code   372  cjson.o(i.print_object)
    i.print_string                           0x08005674   Section        0  cjson.o(i.print_string)
    print_string                             0x08005675   Thumb Code    16  cjson.o(i.print_string)
    i.print_string_ptr                       0x08005684   Section        0  cjson.o(i.print_string_ptr)
    print_string_ptr                         0x08005685   Thumb Code   360  cjson.o(i.print_string_ptr)
    i.print_value                            0x080057f8   Section        0  cjson.o(i.print_value)
    print_value                              0x080057f9   Thumb Code   236  cjson.o(i.print_value)
    i.prvAddCurrentTaskToDelayedList         0x080058fc   Section        0  tasks.o(i.prvAddCurrentTaskToDelayedList)
    prvAddCurrentTaskToDelayedList           0x080058fd   Thumb Code   124  tasks.o(i.prvAddCurrentTaskToDelayedList)
    i.prvAddNewTaskToReadyList               0x08005994   Section        0  tasks.o(i.prvAddNewTaskToReadyList)
    prvAddNewTaskToReadyList                 0x08005995   Thumb Code   150  tasks.o(i.prvAddNewTaskToReadyList)
    i.prvCheckTasksWaitingTermination        0x08005a48   Section        0  tasks.o(i.prvCheckTasksWaitingTermination)
    prvCheckTasksWaitingTermination          0x08005a49   Thumb Code    60  tasks.o(i.prvCheckTasksWaitingTermination)
    i.prvDeleteTCB                           0x08005a90   Section        0  tasks.o(i.prvDeleteTCB)
    prvDeleteTCB                             0x08005a91   Thumb Code    80  tasks.o(i.prvDeleteTCB)
    i.prvHeapInit                            0x08005ae0   Section        0  heap_4.o(i.prvHeapInit)
    prvHeapInit                              0x08005ae1   Thumb Code    98  heap_4.o(i.prvHeapInit)
    i.prvIdleTask                            0x08005b5c   Section        0  tasks.o(i.prvIdleTask)
    prvIdleTask                              0x08005b5d   Thumb Code    32  tasks.o(i.prvIdleTask)
    i.prvInitialiseNewTask                   0x08005b84   Section        0  tasks.o(i.prvInitialiseNewTask)
    prvInitialiseNewTask                     0x08005b85   Thumb Code   170  tasks.o(i.prvInitialiseNewTask)
    i.prvInitialiseTaskLists                 0x08005c30   Section        0  tasks.o(i.prvInitialiseTaskLists)
    prvInitialiseTaskLists                   0x08005c31   Thumb Code    70  tasks.o(i.prvInitialiseTaskLists)
    i.prvInsertBlockIntoFreeList             0x08005c98   Section        0  heap_4.o(i.prvInsertBlockIntoFreeList)
    prvInsertBlockIntoFreeList               0x08005c99   Thumb Code    96  heap_4.o(i.prvInsertBlockIntoFreeList)
    i.prvResetNextTaskUnblockTime            0x08005d00   Section        0  tasks.o(i.prvResetNextTaskUnblockTime)
    prvResetNextTaskUnblockTime              0x08005d01   Thumb Code    42  tasks.o(i.prvResetNextTaskUnblockTime)
    i.prvTaskExitError                       0x08005d34   Section        0  port.o(i.prvTaskExitError)
    prvTaskExitError                         0x08005d35   Thumb Code    60  port.o(i.prvTaskExitError)
    i.pvPortMalloc                           0x08005d74   Section        0  heap_4.o(i.pvPortMalloc)
    i.pxPortInitialiseStack                  0x08005eb0   Section        0  port.o(i.pxPortInitialiseStack)
    i.realloc                                0x08005ed4   Section        0  mallocr.o(i.realloc)
    i.suffix_object                          0x08005f40   Section        0  cjson.o(i.suffix_object)
    suffix_object                            0x08005f41   Thumb Code     6  cjson.o(i.suffix_object)
    i.uart_json                              0x08005f48   Section        0  main.o(i.uart_json)
    i.update_offset                          0x08005fb4   Section        0  cjson.o(i.update_offset)
    update_offset                            0x08005fb5   Thumb Code    36  cjson.o(i.update_offset)
    i.uxListRemove                           0x08005fd8   Section        0  list.o(i.uxListRemove)
    i.vApplicationGetIdleTaskMemory          0x08006000   Section        0  freertos.o(i.vApplicationGetIdleTaskMemory)
    i.vListInitialise                        0x08006018   Section        0  list.o(i.vListInitialise)
    i.vListInitialiseItem                    0x08006032   Section        0  list.o(i.vListInitialiseItem)
    i.vListInsert                            0x08006038   Section        0  list.o(i.vListInsert)
    i.vListInsertEnd                         0x0800606c   Section        0  list.o(i.vListInsertEnd)
    i.vPortEnterCritical                     0x08006084   Section        0  port.o(i.vPortEnterCritical)
    i.vPortExitCritical                      0x080060d8   Section        0  port.o(i.vPortExitCritical)
    i.vPortFree                              0x08006114   Section        0  heap_4.o(i.vPortFree)
    i.vPortSetupTimerInterrupt               0x080061a8   Section        0  port.o(i.vPortSetupTimerInterrupt)
    i.vTaskDelay                             0x080061d0   Section        0  tasks.o(i.vTaskDelay)
    i.vTaskStartScheduler                    0x0800622c   Section        0  tasks.o(i.vTaskStartScheduler)
    i.vTaskSuspendAll                        0x080062dc   Section        0  tasks.o(i.vTaskSuspendAll)
    i.vTaskSwitchContext                     0x080062ec   Section        0  tasks.o(i.vTaskSwitchContext)
    i.xPortStartScheduler                    0x08006378   Section        0  port.o(i.xPortStartScheduler)
    i.xTaskCreate                            0x08006470   Section        0  tasks.o(i.xTaskCreate)
    i.xTaskCreateStatic                      0x080064d4   Section        0  tasks.o(i.xTaskCreateStatic)
    i.xTaskIncrementTick                     0x0800658c   Section        0  tasks.o(i.xTaskIncrementTick)
    i.xTaskResumeAll                         0x080066d4   Section        0  tasks.o(i.xTaskResumeAll)
    .constdata                               0x080067d8   Section       84  main.o(.constdata)
    .constdata                               0x0800682c   Section       24  system_stm32f1xx.o(.constdata)
    .constdata                               0x08006844   Section       64  ctype_c.o(.constdata)
    .conststring                             0x08006884   Section       38  main.o(.conststring)
    .data                                    0x20000000   Section       36  main.o(.data)
    .data                                    0x20000024   Section       20  cjson.o(.data)
    global_error                             0x20000024   Data           8  cjson.o(.data)
    global_hooks                             0x2000002c   Data          12  cjson.o(.data)
    .data                                    0x20000038   Section        9  stm32f1xx_hal.o(.data)
    .data                                    0x20000044   Section        4  system_stm32f1xx.o(.data)
    .data                                    0x20000048   Section       60  tasks.o(.data)
    pxDelayedTaskList                        0x2000004c   Data           4  tasks.o(.data)
    pxOverflowDelayedTaskList                0x20000050   Data           4  tasks.o(.data)
    uxDeletedTasksWaitingCleanUp             0x20000054   Data           4  tasks.o(.data)
    uxCurrentNumberOfTasks                   0x20000058   Data           4  tasks.o(.data)
    xTickCount                               0x2000005c   Data           4  tasks.o(.data)
    uxTopReadyPriority                       0x20000060   Data           4  tasks.o(.data)
    xSchedulerRunning                        0x20000064   Data           4  tasks.o(.data)
    uxPendedTicks                            0x20000068   Data           4  tasks.o(.data)
    xYieldPending                            0x2000006c   Data           4  tasks.o(.data)
    xNumOfOverflows                          0x20000070   Data           4  tasks.o(.data)
    uxTaskNumber                             0x20000074   Data           4  tasks.o(.data)
    xNextTaskUnblockTime                     0x20000078   Data           4  tasks.o(.data)
    xIdleTaskHandle                          0x2000007c   Data           4  tasks.o(.data)
    uxSchedulerSuspended                     0x20000080   Data           4  tasks.o(.data)
    .data                                    0x20000084   Section       24  heap_4.o(.data)
    xStart                                   0x20000084   Data           8  heap_4.o(.data)
    pxEnd                                    0x2000008c   Data           4  heap_4.o(.data)
    xFreeBytesRemaining                      0x20000090   Data           4  heap_4.o(.data)
    xMinimumEverFreeBytesRemaining           0x20000094   Data           4  heap_4.o(.data)
    xBlockAllocatedBit                       0x20000098   Data           4  heap_4.o(.data)
    .data                                    0x2000009c   Section       12  port.o(.data)
    uxCriticalNesting                        0x2000009c   Data           4  port.o(.data)
    ucMaxSysCallPriority                     0x200000a0   Data           1  port.o(.data)
    ulMaxPRIGROUPValue                       0x200000a4   Data           4  port.o(.data)
    .data                                    0x200000a8   Section        4  stdout.o(.data)
    .data                                    0x200000ac   Section        4  mvars.o(.data)
    .data                                    0x200000b0   Section        4  mvars.o(.data)
    .bss                                     0x200000b4   Section     1128  main.o(.bss)
    .bss                                     0x2000051c   Section      596  freertos.o(.bss)
    xIdleTaskTCBBuffer                       0x2000051c   Data          84  freertos.o(.bss)
    xIdleStack                               0x20000570   Data         512  freertos.o(.bss)
    .bss                                     0x20000770   Section       72  stm32f1xx_hal_timebase_tim.o(.bss)
    .bss                                     0x200007b8   Section      240  tasks.o(.bss)
    pxReadyTasksLists                        0x200007b8   Data         140  tasks.o(.bss)
    xDelayedTaskList1                        0x20000844   Data          20  tasks.o(.bss)
    xDelayedTaskList2                        0x20000858   Data          20  tasks.o(.bss)
    xPendingReadyList                        0x2000086c   Data          20  tasks.o(.bss)
    xTasksWaitingTermination                 0x20000880   Data          20  tasks.o(.bss)
    xSuspendedTaskList                       0x20000894   Data          20  tasks.o(.bss)
    .bss                                     0x200008a8   Section     3072  heap_4.o(.bss)
    ucHeap                                   0x200008a8   Data        3072  heap_4.o(.bss)
    HEAP                                     0x200014a8   Section      512  startup_stm32f103xb.o(HEAP)
    STACK                                    0x200016a8   Section     1024  startup_stm32f103xb.o(STACK)

    Global Symbols

    Symbol Name                              Value     Ov Type        Size  Object(Section)

    BuildAttributes$$THM_ISAv4$P$D$K$B$S$PE$A:L22UL41UL21$X:L11$S22US41US21$IEEE1$IW$USESV6$~STKCKD$USESV7$~SHL$OTIME$ROPI$IEEEJ$EBA8$MICROLIB$REQ8$PRES8$EABIv2 0x00000000   Number         0  anon$$obj.o ABSOLUTE
    __ARM_use_no_argv                        0x00000000   Number         0  main.o ABSOLUTE
    _printf_a                                0x00000000   Number         0  stubs.o ABSOLUTE
    _printf_c                                0x00000000   Number         0  stubs.o ABSOLUTE
    _printf_charcount                        0x00000000   Number         0  stubs.o ABSOLUTE
    _printf_d                                0x00000000   Number         0  stubs.o ABSOLUTE
    _printf_e                                0x00000000   Number         0  stubs.o ABSOLUTE
    _printf_f                                0x00000000   Number         0  stubs.o ABSOLUTE
    _printf_flags                            0x00000000   Number         0  stubs.o ABSOLUTE
    _printf_fp_dec                           0x00000000   Number         0  stubs.o ABSOLUTE
    _printf_fp_hex                           0x00000000   Number         0  stubs.o ABSOLUTE
    _printf_g                                0x00000000   Number         0  stubs.o ABSOLUTE
    _printf_i                                0x00000000   Number         0  stubs.o ABSOLUTE
    _printf_int_dec                          0x00000000   Number         0  stubs.o ABSOLUTE
    _printf_l                                0x00000000   Number         0  stubs.o ABSOLUTE
    _printf_lc                               0x00000000   Number         0  stubs.o ABSOLUTE
    _printf_ll                               0x00000000   Number         0  stubs.o ABSOLUTE
    _printf_lld                              0x00000000   Number         0  stubs.o ABSOLUTE
    _printf_lli                              0x00000000   Number         0  stubs.o ABSOLUTE
    _printf_llo                              0x00000000   Number         0  stubs.o ABSOLUTE
    _printf_llu                              0x00000000   Number         0  stubs.o ABSOLUTE
    _printf_llx                              0x00000000   Number         0  stubs.o ABSOLUTE
    _printf_longlong_dec                     0x00000000   Number         0  stubs.o ABSOLUTE
    _printf_longlong_hex                     0x00000000   Number         0  stubs.o ABSOLUTE
    _printf_longlong_oct                     0x00000000   Number         0  stubs.o ABSOLUTE
    _printf_ls                               0x00000000   Number         0  stubs.o ABSOLUTE
    _printf_mbtowc                           0x00000000   Number         0  stubs.o ABSOLUTE
    _printf_n                                0x00000000   Number         0  stubs.o ABSOLUTE
    _printf_o                                0x00000000   Number         0  stubs.o ABSOLUTE
    _printf_p                                0x00000000   Number         0  stubs.o ABSOLUTE
    _printf_percent                          0x00000000   Number         0  stubs.o ABSOLUTE
    _printf_pre_padding                      0x00000000   Number         0  stubs.o ABSOLUTE
    _printf_return_value                     0x00000000   Number         0  stubs.o ABSOLUTE
    _printf_s                                0x00000000   Number         0  stubs.o ABSOLUTE
    _printf_sizespec                         0x00000000   Number         0  stubs.o ABSOLUTE
    _printf_str                              0x00000000   Number         0  stubs.o ABSOLUTE
    _printf_truncate_signed                  0x00000000   Number         0  stubs.o ABSOLUTE
    _printf_truncate_unsigned                0x00000000   Number         0  stubs.o ABSOLUTE
    _printf_u                                0x00000000   Number         0  stubs.o ABSOLUTE
    _printf_wc                               0x00000000   Number         0  stubs.o ABSOLUTE
    _printf_wctomb                           0x00000000   Number         0  stubs.o ABSOLUTE
    _printf_widthprec                        0x00000000   Number         0  stubs.o ABSOLUTE
    _printf_x                                0x00000000   Number         0  stubs.o ABSOLUTE
    __cpp_initialize__aeabi_                  - Undefined Weak Reference
    __cxa_finalize                            - Undefined Weak Reference
    __decompress                              - Undefined Weak Reference
    _clock_init                               - Undefined Weak Reference
    _microlib_exit                            - Undefined Weak Reference
    _scanf_int                                - Undefined Weak Reference
    _scanf_longlong                           - Undefined Weak Reference
    _scanf_string                             - Undefined Weak Reference
    __Vectors_Size                           0x000000ec   Number         0  startup_stm32f103xb.o ABSOLUTE
    __Vectors                                0x08000000   Data           4  startup_stm32f103xb.o(RESET)
    __Vectors_End                            0x080000ec   Data           0  startup_stm32f103xb.o(RESET)
    __main                                   0x080000ed   Thumb Code     0  entry.o(.ARM.Collect$$$$00000000)
    _main_stk                                0x080000ed   Thumb Code     0  entry2.o(.ARM.Collect$$$$00000001)
    _main_scatterload                        0x080000f1   Thumb Code     0  entry5.o(.ARM.Collect$$$$00000004)
    __main_after_scatterload                 0x080000f5   Thumb Code     0  entry5.o(.ARM.Collect$$$$00000004)
    _main_clock                              0x080000f5   Thumb Code     0  entry7b.o(.ARM.Collect$$$$00000008)
    _main_cpp_init                           0x080000f5   Thumb Code     0  entry8b.o(.ARM.Collect$$$$0000000A)
    _main_init                               0x080000f5   Thumb Code     0  entry9a.o(.ARM.Collect$$$$0000000B)
    __rt_final_cpp                           0x080000fd   Thumb Code     0  entry10a.o(.ARM.Collect$$$$0000000D)
    __rt_final_exit                          0x080000fd   Thumb Code     0  entry11a.o(.ARM.Collect$$$$0000000F)
    SVC_Handler                              0x08000101   Thumb Code    32  port.o(.emb_text)
    __asm___6_port_c_39a90d8d__prvStartFirstTask 0x08000125   Thumb Code    28  port.o(.emb_text)
    PendSV_Handler                           0x08000145   Thumb Code    72  port.o(.emb_text)
    vPortGetIPSR                             0x08000191   Thumb Code     6  port.o(.emb_text)
    Reset_Handler                            0x08000199   Thumb Code     8  startup_stm32f103xb.o(.text)
    ADC1_2_IRQHandler                        0x080001b3   Thumb Code     0  startup_stm32f103xb.o(.text)
    CAN1_RX1_IRQHandler                      0x080001b3   Thumb Code     0  startup_stm32f103xb.o(.text)
    CAN1_SCE_IRQHandler                      0x080001b3   Thumb Code     0  startup_stm32f103xb.o(.text)
    DMA1_Channel1_IRQHandler                 0x080001b3   Thumb Code     0  startup_stm32f103xb.o(.text)
    DMA1_Channel2_IRQHandler                 0x080001b3   Thumb Code     0  startup_stm32f103xb.o(.text)
    DMA1_Channel3_IRQHandler                 0x080001b3   Thumb Code     0  startup_stm32f103xb.o(.text)
    DMA1_Channel4_IRQHandler                 0x080001b3   Thumb Code     0  startup_stm32f103xb.o(.text)
    DMA1_Channel5_IRQHandler                 0x080001b3   Thumb Code     0  startup_stm32f103xb.o(.text)
    DMA1_Channel6_IRQHandler                 0x080001b3   Thumb Code     0  startup_stm32f103xb.o(.text)
    DMA1_Channel7_IRQHandler                 0x080001b3   Thumb Code     0  startup_stm32f103xb.o(.text)
    EXTI0_IRQHandler                         0x080001b3   Thumb Code     0  startup_stm32f103xb.o(.text)
    EXTI15_10_IRQHandler                     0x080001b3   Thumb Code     0  startup_stm32f103xb.o(.text)
    EXTI1_IRQHandler                         0x080001b3   Thumb Code     0  startup_stm32f103xb.o(.text)
    EXTI2_IRQHandler                         0x080001b3   Thumb Code     0  startup_stm32f103xb.o(.text)
    EXTI3_IRQHandler                         0x080001b3   Thumb Code     0  startup_stm32f103xb.o(.text)
    EXTI4_IRQHandler                         0x080001b3   Thumb Code     0  startup_stm32f103xb.o(.text)
    EXTI9_5_IRQHandler                       0x080001b3   Thumb Code     0  startup_stm32f103xb.o(.text)
    FLASH_IRQHandler                         0x080001b3   Thumb Code     0  startup_stm32f103xb.o(.text)
    I2C1_ER_IRQHandler                       0x080001b3   Thumb Code     0  startup_stm32f103xb.o(.text)
    I2C1_EV_IRQHandler                       0x080001b3   Thumb Code     0  startup_stm32f103xb.o(.text)
    I2C2_ER_IRQHandler                       0x080001b3   Thumb Code     0  startup_stm32f103xb.o(.text)
    I2C2_EV_IRQHandler                       0x080001b3   Thumb Code     0  startup_stm32f103xb.o(.text)
    PVD_IRQHandler                           0x080001b3   Thumb Code     0  startup_stm32f103xb.o(.text)
    RCC_IRQHandler                           0x080001b3   Thumb Code     0  startup_stm32f103xb.o(.text)
    RTC_Alarm_IRQHandler                     0x080001b3   Thumb Code     0  startup_stm32f103xb.o(.text)
    RTC_IRQHandler                           0x080001b3   Thumb Code     0  startup_stm32f103xb.o(.text)
    SPI1_IRQHandler                          0x080001b3   Thumb Code     0  startup_stm32f103xb.o(.text)
    SPI2_IRQHandler                          0x080001b3   Thumb Code     0  startup_stm32f103xb.o(.text)
    TAMPER_IRQHandler                        0x080001b3   Thumb Code     0  startup_stm32f103xb.o(.text)
    TIM1_BRK_IRQHandler                      0x080001b3   Thumb Code     0  startup_stm32f103xb.o(.text)
    TIM1_CC_IRQHandler                       0x080001b3   Thumb Code     0  startup_stm32f103xb.o(.text)
    TIM1_TRG_COM_IRQHandler                  0x080001b3   Thumb Code     0  startup_stm32f103xb.o(.text)
    TIM1_UP_IRQHandler                       0x080001b3   Thumb Code     0  startup_stm32f103xb.o(.text)
    TIM2_IRQHandler                          0x080001b3   Thumb Code     0  startup_stm32f103xb.o(.text)
    TIM3_IRQHandler                          0x080001b3   Thumb Code     0  startup_stm32f103xb.o(.text)
    USART2_IRQHandler                        0x080001b3   Thumb Code     0  startup_stm32f103xb.o(.text)
    USART3_IRQHandler                        0x080001b3   Thumb Code     0  startup_stm32f103xb.o(.text)
    USBWakeUp_IRQHandler                     0x080001b3   Thumb Code     0  startup_stm32f103xb.o(.text)
    USB_HP_CAN1_TX_IRQHandler                0x080001b3   Thumb Code     0  startup_stm32f103xb.o(.text)
    USB_LP_CAN1_RX0_IRQHandler               0x080001b3   Thumb Code     0  startup_stm32f103xb.o(.text)
    WWDG_IRQHandler                          0x080001b3   Thumb Code     0  startup_stm32f103xb.o(.text)
    __aeabi_llsr                             0x080001bd   Thumb Code    32  llushr.o(.text)
    _ll_ushift_r                             0x080001bd   Thumb Code     0  llushr.o(.text)
    __aeabi_memcpy                           0x080001dd   Thumb Code    36  memcpya.o(.text)
    __aeabi_memcpy4                          0x080001dd   Thumb Code     0  memcpya.o(.text)
    __aeabi_memcpy8                          0x080001dd   Thumb Code     0  memcpya.o(.text)
    __aeabi_memset                           0x08000201   Thumb Code    14  memseta.o(.text)
    __aeabi_memset4                          0x08000201   Thumb Code     0  memseta.o(.text)
    __aeabi_memset8                          0x08000201   Thumb Code     0  memseta.o(.text)
    __aeabi_memclr                           0x0800020f   Thumb Code     4  memseta.o(.text)
    __aeabi_memclr4                          0x0800020f   Thumb Code     0  memseta.o(.text)
    __aeabi_memclr8                          0x0800020f   Thumb Code     0  memseta.o(.text)
    memset                                   0x08000213   Thumb Code    18  memseta.o(.text)
    strlen                                   0x08000225   Thumb Code    14  strlen.o(.text)
    strcmp                                   0x08000233   Thumb Code    28  strcmp.o(.text)
    strcpy                                   0x0800024f   Thumb Code    18  strcpy.o(.text)
    __0sscanf                                0x08000261   Thumb Code    48  __0sscanf.o(.text)
    _scanf_real                              0x080003c1   Thumb Code     0  scanf_fp.o(.text)
    _scanf_really_real                       0x080003c1   Thumb Code   556  scanf_fp.o(.text)
    __aeabi_fmul                             0x080005f9   Thumb Code   100  fmul.o(.text)
    __aeabi_fdiv                             0x0800065d   Thumb Code   124  fdiv.o(.text)
    __aeabi_dadd                             0x080006d9   Thumb Code   322  dadd.o(.text)
    __aeabi_dsub                             0x0800081b   Thumb Code     6  dadd.o(.text)
    __aeabi_drsub                            0x08000821   Thumb Code     6  dadd.o(.text)
    __aeabi_dmul                             0x08000827   Thumb Code   228  dmul.o(.text)
    __aeabi_ddiv                             0x0800090b   Thumb Code   222  ddiv.o(.text)
    __aeabi_ui2f                             0x080009e9   Thumb Code    10  ffltui.o(.text)
    __aeabi_i2d                              0x080009f3   Thumb Code    34  dflti.o(.text)
    __aeabi_f2d                              0x08000a15   Thumb Code    38  f2d.o(.text)
    __aeabi_cdcmpeq                          0x08000a3d   Thumb Code     0  cdcmple.o(.text)
    __aeabi_cdcmple                          0x08000a3d   Thumb Code    48  cdcmple.o(.text)
    __aeabi_cdrcmple                         0x08000a6d   Thumb Code    48  cdrcmple.o(.text)
    __aeabi_d2f                              0x08000a9d   Thumb Code    56  d2f.o(.text)
    __aeabi_uidiv                            0x08000ad5   Thumb Code     0  uidiv.o(.text)
    __aeabi_uidivmod                         0x08000ad5   Thumb Code    44  uidiv.o(.text)
    __aeabi_uldivmod                         0x08000b01   Thumb Code    98  uldiv.o(.text)
    __aeabi_llsl                             0x08000b63   Thumb Code    30  llshl.o(.text)
    _ll_shift_l                              0x08000b63   Thumb Code     0  llshl.o(.text)
    __aeabi_lasr                             0x08000b81   Thumb Code    36  llsshr.o(.text)
    _ll_sshift_r                             0x08000b81   Thumb Code     0  llsshr.o(.text)
    __vfscanf_char                           0x08000bb1   Thumb Code    20  scanf_char.o(.text)
    _sgetc                                   0x08000bcd   Thumb Code    30  _sgetc.o(.text)
    _sbackspace                              0x08000beb   Thumb Code    34  _sgetc.o(.text)
    __I$use$fp                               0x08000c0d   Thumb Code     0  iusefp.o(.text)
    _float_round                             0x08000c0d   Thumb Code    18  fepilogue.o(.text)
    _float_epilogue                          0x08000c1f   Thumb Code    92  fepilogue.o(.text)
    _double_round                            0x08000c7b   Thumb Code    30  depilogue.o(.text)
    _double_epilogue                         0x08000c99   Thumb Code   156  depilogue.o(.text)
    __aeabi_ul2d                             0x08000d35   Thumb Code    24  dfltul.o(.text)
    __aeabi_d2ulz                            0x08000d4d   Thumb Code    48  dfixul.o(.text)
    __scatterload                            0x08000d7d   Thumb Code    28  init.o(.text)
    __scatterload_rt2                        0x08000d7d   Thumb Code     0  init.o(.text)
    isspace                                  0x08000da1   Thumb Code    10  isspace_c.o(.text)
    __vfscanf                                0x08000dad   Thumb Code   808  _scanf.o(.text)
    __ctype_lookup                           0x080010d9   Thumb Code    34  ctype_c.o(.text)
    ADC_ConversionStop_Disable               0x08001101   Thumb Code    92  stm32f1xx_hal_adc.o(i.ADC_ConversionStop_Disable)
    ADC_Enable                               0x0800115d   Thumb Code   134  stm32f1xx_hal_adc.o(i.ADC_Enable)
    ADC_Select_CH0                           0x080011ed   Thumb Code    36  main.o(i.ADC_Select_CH0)
    ADC_Select_CH1                           0x08001215   Thumb Code    36  main.o(i.ADC_Select_CH1)
    BusFault_Handler                         0x0800123d   Thumb Code     4  stm32f1xx_it.o(i.BusFault_Handler)
    DebugMon_Handler                         0x08001241   Thumb Code     2  stm32f1xx_it.o(i.DebugMon_Handler)
    Delayms                                  0x08001243   Thumb Code    26  delay_timer.o(i.Delayms)
    Error_Handler                            0x0800125d   Thumb Code     6  main.o(i.Error_Handler)
    HAL_ADC_ConfigChannel                    0x08001265   Thumb Code   338  stm32f1xx_hal_adc.o(i.HAL_ADC_ConfigChannel)
    HAL_ADC_GetValue                         0x080013c5   Thumb Code     8  stm32f1xx_hal_adc.o(i.HAL_ADC_GetValue)
    HAL_ADC_Init                             0x080013cd   Thumb Code   314  stm32f1xx_hal_adc.o(i.HAL_ADC_Init)
    HAL_ADC_MspInit                          0x08001511   Thumb Code   132  stm32f1xx_hal_msp.o(i.HAL_ADC_MspInit)
    HAL_ADC_PollForConversion                0x080015a5   Thumb Code   366  stm32f1xx_hal_adc.o(i.HAL_ADC_PollForConversion)
    HAL_ADC_Start                            0x08001725   Thumb Code   294  stm32f1xx_hal_adc.o(i.HAL_ADC_Start)
    HAL_ADC_Stop                             0x08001855   Thumb Code    64  stm32f1xx_hal_adc.o(i.HAL_ADC_Stop)
    HAL_DMA_Abort                            0x08001895   Thumb Code    86  stm32f1xx_hal_dma.o(i.HAL_DMA_Abort)
    HAL_DMA_Abort_IT                         0x080018ed   Thumb Code   172  stm32f1xx_hal_dma.o(i.HAL_DMA_Abort_IT)
    HAL_GPIO_Init                            0x0800199d   Thumb Code   766  stm32f1xx_hal_gpio.o(i.HAL_GPIO_Init)
    HAL_GPIO_WritePin                        0x08001cbd   Thumb Code    12  stm32f1xx_hal_gpio.o(i.HAL_GPIO_WritePin)
    HAL_GetTick                              0x08001cc9   Thumb Code     6  stm32f1xx_hal.o(i.HAL_GetTick)
    HAL_IncTick                              0x08001cd5   Thumb Code    16  stm32f1xx_hal.o(i.HAL_IncTick)
    HAL_Init                                 0x08001ced   Thumb Code    34  stm32f1xx_hal.o(i.HAL_Init)
    HAL_InitTick                             0x08001d15   Thumb Code   118  stm32f1xx_hal_timebase_tim.o(i.HAL_InitTick)
    HAL_MspInit                              0x08001d9d   Thumb Code    86  stm32f1xx_hal_msp.o(i.HAL_MspInit)
    HAL_NVIC_EnableIRQ                       0x08001dfd   Thumb Code    32  stm32f1xx_hal_cortex.o(i.HAL_NVIC_EnableIRQ)
    HAL_NVIC_SetPriority                     0x08001e1d   Thumb Code   124  stm32f1xx_hal_cortex.o(i.HAL_NVIC_SetPriority)
    HAL_NVIC_SetPriorityGrouping             0x08001e99   Thumb Code    32  stm32f1xx_hal_cortex.o(i.HAL_NVIC_SetPriorityGrouping)
    HAL_RCCEx_GetPeriphCLKFreq               0x08001ec1   Thumb Code   248  stm32f1xx_hal_rcc_ex.o(i.HAL_RCCEx_GetPeriphCLKFreq)
    HAL_RCCEx_PeriphCLKConfig                0x08001fd9   Thumb Code   290  stm32f1xx_hal_rcc_ex.o(i.HAL_RCCEx_PeriphCLKConfig)
    HAL_RCC_ClockConfig                      0x08002109   Thumb Code   376  stm32f1xx_hal_rcc.o(i.HAL_RCC_ClockConfig)
    HAL_RCC_GetClockConfig                   0x08002295   Thumb Code    58  stm32f1xx_hal_rcc.o(i.HAL_RCC_GetClockConfig)
    HAL_RCC_GetHCLKFreq                      0x080022d9   Thumb Code     6  stm32f1xx_hal_rcc.o(i.HAL_RCC_GetHCLKFreq)
    HAL_RCC_GetPCLK1Freq                     0x080022e5   Thumb Code    22  stm32f1xx_hal_rcc.o(i.HAL_RCC_GetPCLK1Freq)
    HAL_RCC_GetPCLK2Freq                     0x08002305   Thumb Code    22  stm32f1xx_hal_rcc.o(i.HAL_RCC_GetPCLK2Freq)
    HAL_RCC_GetSysClockFreq                  0x08002325   Thumb Code   116  stm32f1xx_hal_rcc.o(i.HAL_RCC_GetSysClockFreq)
    HAL_RCC_OscConfig                        0x080023b9   Thumb Code  1114  stm32f1xx_hal_rcc.o(i.HAL_RCC_OscConfig)
    HAL_TIMEx_BreakCallback                  0x0800281d   Thumb Code     2  stm32f1xx_hal_tim_ex.o(i.HAL_TIMEx_BreakCallback)
    HAL_TIMEx_CommutCallback                 0x0800281f   Thumb Code     2  stm32f1xx_hal_tim_ex.o(i.HAL_TIMEx_CommutCallback)
    HAL_TIMEx_MasterConfigSynchronization    0x08002821   Thumb Code   118  stm32f1xx_hal_tim_ex.o(i.HAL_TIMEx_MasterConfigSynchronization)
    HAL_TIM_Base_Init                        0x080028a5   Thumb Code   102  stm32f1xx_hal_tim.o(i.HAL_TIM_Base_Init)
    HAL_TIM_Base_MspInit                     0x0800290d   Thumb Code    76  stm32f1xx_hal_msp.o(i.HAL_TIM_Base_MspInit)
    HAL_TIM_Base_Start_IT                    0x08002961   Thumb Code   106  stm32f1xx_hal_tim.o(i.HAL_TIM_Base_Start_IT)
    HAL_TIM_ConfigClockSource                0x080029d9   Thumb Code   264  stm32f1xx_hal_tim.o(i.HAL_TIM_ConfigClockSource)
    HAL_TIM_IC_CaptureCallback               0x08002ae1   Thumb Code     2  stm32f1xx_hal_tim.o(i.HAL_TIM_IC_CaptureCallback)
    HAL_TIM_IRQHandler                       0x08002ae3   Thumb Code   406  stm32f1xx_hal_tim.o(i.HAL_TIM_IRQHandler)
    HAL_TIM_MspPostInit                      0x08002c79   Thumb Code    96  stm32f1xx_hal_msp.o(i.HAL_TIM_MspPostInit)
    HAL_TIM_OC_DelayElapsedCallback          0x08002ce5   Thumb Code     2  stm32f1xx_hal_tim.o(i.HAL_TIM_OC_DelayElapsedCallback)
    HAL_TIM_PWM_ConfigChannel                0x08002ce7   Thumb Code   252  stm32f1xx_hal_tim.o(i.HAL_TIM_PWM_ConfigChannel)
    HAL_TIM_PWM_Init                         0x08002de3   Thumb Code   102  stm32f1xx_hal_tim.o(i.HAL_TIM_PWM_Init)
    HAL_TIM_PWM_MspInit                      0x08002e49   Thumb Code     2  stm32f1xx_hal_tim.o(i.HAL_TIM_PWM_MspInit)
    HAL_TIM_PWM_PulseFinishedCallback        0x08002e4b   Thumb Code     2  stm32f1xx_hal_tim.o(i.HAL_TIM_PWM_PulseFinishedCallback)
    HAL_TIM_PWM_Start                        0x08002e4d   Thumb Code   198  stm32f1xx_hal_tim.o(i.HAL_TIM_PWM_Start)
    HAL_TIM_PeriodElapsedCallback            0x08002f21   Thumb Code    18  main.o(i.HAL_TIM_PeriodElapsedCallback)
    HAL_TIM_TriggerCallback                  0x08002f39   Thumb Code     2  stm32f1xx_hal_tim.o(i.HAL_TIM_TriggerCallback)
    HAL_UARTEx_RxEventCallback               0x08002f3b   Thumb Code     2  stm32f1xx_hal_uart.o(i.HAL_UARTEx_RxEventCallback)
    HAL_UART_ErrorCallback                   0x08002f3d   Thumb Code     2  stm32f1xx_hal_uart.o(i.HAL_UART_ErrorCallback)
    HAL_UART_IRQHandler                      0x08002f41   Thumb Code   582  stm32f1xx_hal_uart.o(i.HAL_UART_IRQHandler)
    HAL_UART_Init                            0x0800318d   Thumb Code   114  stm32f1xx_hal_uart.o(i.HAL_UART_Init)
    HAL_UART_MspInit                         0x08003201   Thumb Code   138  stm32f1xx_hal_msp.o(i.HAL_UART_MspInit)
    HAL_UART_Receive_IT                      0x08003299   Thumb Code    66  stm32f1xx_hal_uart.o(i.HAL_UART_Receive_IT)
    HAL_UART_RxCpltCallback                  0x080032dd   Thumb Code    68  main.o(i.HAL_UART_RxCpltCallback)
    HAL_UART_Transmit                        0x08003329   Thumb Code   210  stm32f1xx_hal_uart.o(i.HAL_UART_Transmit)
    HAL_UART_TxCpltCallback                  0x080033fb   Thumb Code     2  stm32f1xx_hal_uart.o(i.HAL_UART_TxCpltCallback)
    HardFault_Handler                        0x080033fd   Thumb Code     4  stm32f1xx_it.o(i.HardFault_Handler)
    MemManage_Handler                        0x080036a1   Thumb Code     4  stm32f1xx_it.o(i.MemManage_Handler)
    NMI_Handler                              0x080036a5   Thumb Code     4  stm32f1xx_it.o(i.NMI_Handler)
    Pluse                                    0x080036a9   Thumb Code    30  main.o(i.Pluse)
    Pluse100                                 0x080036cd   Thumb Code    24  main.o(i.Pluse100)
    ReadVol_PA0                              0x08003711   Thumb Code   134  main.o(i.ReadVol_PA0)
    ReadVol_PA1                              0x080037c1   Thumb Code    90  main.o(i.ReadVol_PA1)
    ReadVol_Vref                             0x0800383d   Thumb Code    98  main.o(i.ReadVol_Vref)
    SysTick_Handler                          0x080038c1   Thumb Code    46  port.o(i.SysTick_Handler)
    SystemClock_Config                       0x080038f5   Thumb Code   132  main.o(i.SystemClock_Config)
    SystemInit                               0x08003979   Thumb Code     2  system_stm32f1xx.o(i.SystemInit)
    TIM4_IRQHandler                          0x0800397d   Thumb Code    10  stm32f1xx_it.o(i.TIM4_IRQHandler)
    TIM_Base_SetConfig                       0x0800398d   Thumb Code   104  stm32f1xx_hal_tim.o(i.TIM_Base_SetConfig)
    TIM_CCxChannelCmd                        0x08003a01   Thumb Code    34  stm32f1xx_hal_tim.o(i.TIM_CCxChannelCmd)
    TIM_ETR_SetConfig                        0x08003a23   Thumb Code    22  stm32f1xx_hal_tim.o(i.TIM_ETR_SetConfig)
    TIM_OC2_SetConfig                        0x08003aad   Thumb Code   100  stm32f1xx_hal_tim.o(i.TIM_OC2_SetConfig)
    TranVol_PA0                              0x08003c15   Thumb Code    46  main.o(i.TranVol_PA0)
    TranVol_PA1                              0x08003c69   Thumb Code    46  main.o(i.TranVol_PA1)
    TranVol_Vref                             0x08003cbd   Thumb Code    16  main.o(i.TranVol_Vref)
    Tranfer_Receive                          0x08003cd5   Thumb Code    24  main.o(i.Tranfer_Receive)
    Trans_UART                               0x08003cf1   Thumb Code   306  main.o(i.Trans_UART)
    UART_Start_Receive_IT                    0x08004125   Thumb Code    70  stm32f1xx_hal_uart.o(i.UART_Start_Receive_IT)
    USART1_IRQHandler                        0x08004239   Thumb Code    10  stm32f1xx_it.o(i.USART1_IRQHandler)
    UsageFault_Handler                       0x08004249   Thumb Code     4  stm32f1xx_it.o(i.UsageFault_Handler)
    Voltage                                  0x0800424d   Thumb Code    24  main.o(i.Voltage)
    __0printf                                0x08004269   Thumb Code    22  printfa.o(i.__0printf)
    __1printf                                0x08004269   Thumb Code     0  printfa.o(i.__0printf)
    __2printf                                0x08004269   Thumb Code     0  printfa.o(i.__0printf)
    __c89printf                              0x08004269   Thumb Code     0  printfa.o(i.__0printf)
    printf                                   0x08004269   Thumb Code     0  printfa.o(i.__0printf)
    __0snprintf                              0x08004289   Thumb Code    44  printfa.o(i.__0snprintf)
    __1snprintf                              0x08004289   Thumb Code     0  printfa.o(i.__0snprintf)
    __2snprintf                              0x08004289   Thumb Code     0  printfa.o(i.__0snprintf)
    __c89snprintf                            0x08004289   Thumb Code     0  printfa.o(i.__0snprintf)
    snprintf                                 0x08004289   Thumb Code     0  printfa.o(i.__0snprintf)
    __0sprintf                               0x080042b9   Thumb Code    34  printfa.o(i.__0sprintf)
    __1sprintf                               0x080042b9   Thumb Code     0  printfa.o(i.__0sprintf)
    __2sprintf                               0x080042b9   Thumb Code     0  printfa.o(i.__0sprintf)
    __c89sprintf                             0x080042b9   Thumb Code     0  printfa.o(i.__0sprintf)
    sprintf                                  0x080042b9   Thumb Code     0  printfa.o(i.__0sprintf)
    free                                     0x08004319   Thumb Code    88  mallocr.o(i.__free$realloc)
    malloc                                   0x08004375   Thumb Code    64  mallocr.o(i.__malloc$realloc)
    __scatterload_copy                       0x080043c5   Thumb Code    14  handlers.o(i.__scatterload_copy)
    __scatterload_null                       0x080043d3   Thumb Code     2  handlers.o(i.__scatterload_null)
    __scatterload_zeroinit                   0x080043d5   Thumb Code    14  handlers.o(i.__scatterload_zeroinit)
    _is_digit                                0x08004569   Thumb Code    14  scanf_fp.o(i._is_digit)
    cJSON_AddItemToObject                    0x08004d79   Thumb Code    26  cjson.o(i.cJSON_AddItemToObject)
    cJSON_CreateObject                       0x08004d99   Thumb Code    20  cjson.o(i.cJSON_CreateObject)
    cJSON_CreateString                       0x08004db1   Thumb Code    46  cjson.o(i.cJSON_CreateString)
    cJSON_Delete                             0x08004de5   Thumb Code    84  cjson.o(i.cJSON_Delete)
    cJSON_Print                              0x08004e59   Thumb Code    16  cjson.o(i.cJSON_Print)
    delayus                                  0x08004f1d   Thumb Code    60  delay_timer.o(i.delayus)
    fputc                                    0x08005019   Thumb Code    22  main.o(i.fputc)
    main                                     0x08005089   Thumb Code   172  main.o(i.main)
    osDelay                                  0x080051c7   Thumb Code    24  cmsis_os.o(i.osDelay)
    osKernelStart                            0x080051df   Thumb Code    10  cmsis_os.o(i.osKernelStart)
    osThreadCreate                           0x080051e9   Thumb Code    94  cmsis_os.o(i.osThreadCreate)
    pvPortMalloc                             0x08005d75   Thumb Code   296  heap_4.o(i.pvPortMalloc)
    pxPortInitialiseStack                    0x08005eb1   Thumb Code    30  port.o(i.pxPortInitialiseStack)
    realloc                                  0x08005ed5   Thumb Code   102  mallocr.o(i.realloc)
    uart_json                                0x08005f49   Thumb Code    86  main.o(i.uart_json)
    uxListRemove                             0x08005fd9   Thumb Code    40  list.o(i.uxListRemove)
    vApplicationGetIdleTaskMemory            0x08006001   Thumb Code    14  freertos.o(i.vApplicationGetIdleTaskMemory)
    vListInitialise                          0x08006019   Thumb Code    26  list.o(i.vListInitialise)
    vListInitialiseItem                      0x08006033   Thumb Code     6  list.o(i.vListInitialiseItem)
    vListInsert                              0x08006039   Thumb Code    52  list.o(i.vListInsert)
    vListInsertEnd                           0x0800606d   Thumb Code    24  list.o(i.vListInsertEnd)
    vPortEnterCritical                       0x08006085   Thumb Code    76  port.o(i.vPortEnterCritical)
    vPortExitCritical                        0x080060d9   Thumb Code    56  port.o(i.vPortExitCritical)
    vPortFree                                0x08006115   Thumb Code   140  heap_4.o(i.vPortFree)
    vPortSetupTimerInterrupt                 0x080061a9   Thumb Code    36  port.o(i.vPortSetupTimerInterrupt)
    vTaskDelay                               0x080061d1   Thumb Code    82  tasks.o(i.vTaskDelay)
    vTaskStartScheduler                      0x0800622d   Thumb Code   146  tasks.o(i.vTaskStartScheduler)
    vTaskSuspendAll                          0x080062dd   Thumb Code    12  tasks.o(i.vTaskSuspendAll)
    vTaskSwitchContext                       0x080062ed   Thumb Code   118  tasks.o(i.vTaskSwitchContext)
    xPortStartScheduler                      0x08006379   Thumb Code   228  port.o(i.xPortStartScheduler)
    xTaskCreate                              0x08006471   Thumb Code   100  tasks.o(i.xTaskCreate)
    xTaskCreateStatic                        0x080064d5   Thumb Code   184  tasks.o(i.xTaskCreateStatic)
    xTaskIncrementTick                       0x0800658d   Thumb Code   282  tasks.o(i.xTaskIncrementTick)
    xTaskResumeAll                           0x080066d5   Thumb Code   224  tasks.o(i.xTaskResumeAll)
    AHBPrescTable                            0x0800682c   Data          16  system_stm32f1xx.o(.constdata)
    APBPrescTable                            0x0800683c   Data           8  system_stm32f1xx.o(.constdata)
    __ctype_categories                       0x08006844   Data          64  ctype_c.o(.constdata)
    Region$$Table$$Base                      0x080068ac   Number         0  anon$$obj.o(Region$$Table)
    Region$$Table$$Limit                     0x080068cc   Number         0  anon$$obj.o(Region$$Table)
    Task1_TranVolHandle                      0x20000000   Data           4  main.o(.data)
    Task2_UARTHandle                         0x20000004   Data           4  main.o(.data)
    Task3_PluseHandle                        0x20000008   Data           4  main.o(.data)
    V1                                       0x2000000c   Data           4  main.o(.data)
    V2                                       0x20000010   Data           4  main.o(.data)
    VDDA                                     0x20000014   Data           4  main.o(.data)
    cnt1                                     0x20000018   Data           4  main.o(.data)
    cnt2                                     0x2000001c   Data           4  main.o(.data)
    cnt3                                     0x20000020   Data           4  main.o(.data)
    uwTick                                   0x20000038   Data           4  stm32f1xx_hal.o(.data)
    uwTickPrio                               0x2000003c   Data           4  stm32f1xx_hal.o(.data)
    uwTickFreq                               0x20000040   Data           1  stm32f1xx_hal.o(.data)
    SystemCoreClock                          0x20000044   Data           4  system_stm32f1xx.o(.data)
    pxCurrentTCB                             0x20000048   Data           4  tasks.o(.data)
    __stdout                                 0x200000a8   Data           4  stdout.o(.data)
    __microlib_freelist                      0x200000ac   Data           4  mvars.o(.data)
    __microlib_freelist_initialised          0x200000b0   Data           4  mvars.o(.data)
    hadc1                                    0x200000b4   Data          48  main.o(.bss)
    hadc2                                    0x200000e4   Data          48  main.o(.bss)
    htim2                                    0x20000114   Data          72  main.o(.bss)
    htim3                                    0x2000015c   Data          72  main.o(.bss)
    huart1                                   0x200001a4   Data          68  main.o(.bss)
    uart1                                    0x200001e8   Data         206  main.o(.bss)
    V1_buff                                  0x200002b6   Data         100  main.o(.bss)
    V2_buff                                  0x2000031a   Data         100  main.o(.bss)
    Vref_buff                                0x2000037e   Data         100  main.o(.bss)
    V                                        0x200003e4   Data          12  main.o(.bss)
    PA0                                      0x200003f0   Data         100  main.o(.bss)
    PA1                                      0x20000454   Data         100  main.o(.bss)
    Vref                                     0x200004b8   Data         100  main.o(.bss)
    htim4                                    0x20000770   Data          72  stm32f1xx_hal_timebase_tim.o(.bss)
    __heap_base                              0x200014a8   Data           0  startup_stm32f103xb.o(HEAP)
    __heap_limit                             0x200016a8   Data           0  startup_stm32f103xb.o(HEAP)
    __initial_sp                             0x20001aa8   Data           0  startup_stm32f103xb.o(STACK)



==============================================================================

Memory Map of the image

  Image Entry point : 0x080000ed

  Load Region LR_IROM1 (Base: 0x08000000, Size: 0x00006980, Max: 0x00010000, ABSOLUTE)

    Execution Region ER_IROM1 (Exec base: 0x08000000, Load base: 0x08000000, Size: 0x000068cc, Max: 0x00010000, ABSOLUTE)

    Exec Addr    Load Addr    Size         Type   Attr      Idx    E Section Name        Object

    0x08000000   0x08000000   0x000000ec   Data   RO            3    RESET               startup_stm32f103xb.o
    0x080000ec   0x080000ec   0x00000000   Code   RO         5250  * .ARM.Collect$$$$00000000  mc_w.l(entry.o)
    0x080000ec   0x080000ec   0x00000004   Code   RO         5592    .ARM.Collect$$$$00000001  mc_w.l(entry2.o)
    0x080000f0   0x080000f0   0x00000004   Code   RO         5595    .ARM.Collect$$$$00000004  mc_w.l(entry5.o)
    0x080000f4   0x080000f4   0x00000000   Code   RO         5597    .ARM.Collect$$$$00000008  mc_w.l(entry7b.o)
    0x080000f4   0x080000f4   0x00000000   Code   RO         5599    .ARM.Collect$$$$0000000A  mc_w.l(entry8b.o)
    0x080000f4   0x080000f4   0x00000008   Code   RO         5600    .ARM.Collect$$$$0000000B  mc_w.l(entry9a.o)
    0x080000fc   0x080000fc   0x00000000   Code   RO         5602    .ARM.Collect$$$$0000000D  mc_w.l(entry10a.o)
    0x080000fc   0x080000fc   0x00000000   Code   RO         5604    .ARM.Collect$$$$0000000F  mc_w.l(entry11a.o)
    0x080000fc   0x080000fc   0x00000004   Code   RO         5593    .ARM.Collect$$$$00002712  mc_w.l(entry2.o)
    0x08000100   0x08000100   0x00000096   Code   RO         5169    .emb_text           port.o
    0x08000196   0x08000196   0x00000002   PAD
    0x08000198   0x08000198   0x00000024   Code   RO            4    .text               startup_stm32f103xb.o
    0x080001bc   0x080001bc   0x00000020   Code   RO         5253    .text               mc_w.l(llushr.o)
    0x080001dc   0x080001dc   0x00000024   Code   RO         5257    .text               mc_w.l(memcpya.o)
    0x08000200   0x08000200   0x00000024   Code   RO         5261    .text               mc_w.l(memseta.o)
    0x08000224   0x08000224   0x0000000e   Code   RO         5263    .text               mc_w.l(strlen.o)
    0x08000232   0x08000232   0x0000001c   Code   RO         5265    .text               mc_w.l(strcmp.o)
    0x0800024e   0x0800024e   0x00000012   Code   RO         5267    .text               mc_w.l(strcpy.o)
    0x08000260   0x08000260   0x00000038   Code   RO         5562    .text               mc_w.l(__0sscanf.o)
    0x08000298   0x08000298   0x00000360   Code   RO         5564    .text               mc_w.l(scanf_fp.o)
    0x080005f8   0x080005f8   0x00000064   Code   RO         5568    .text               mf_w.l(fmul.o)
    0x0800065c   0x0800065c   0x0000007c   Code   RO         5570    .text               mf_w.l(fdiv.o)
    0x080006d8   0x080006d8   0x0000014e   Code   RO         5572    .text               mf_w.l(dadd.o)
    0x08000826   0x08000826   0x000000e4   Code   RO         5574    .text               mf_w.l(dmul.o)
    0x0800090a   0x0800090a   0x000000de   Code   RO         5576    .text               mf_w.l(ddiv.o)
    0x080009e8   0x080009e8   0x0000000a   Code   RO         5578    .text               mf_w.l(ffltui.o)
    0x080009f2   0x080009f2   0x00000022   Code   RO         5580    .text               mf_w.l(dflti.o)
    0x08000a14   0x08000a14   0x00000026   Code   RO         5584    .text               mf_w.l(f2d.o)
    0x08000a3a   0x08000a3a   0x00000002   PAD
    0x08000a3c   0x08000a3c   0x00000030   Code   RO         5586    .text               mf_w.l(cdcmple.o)
    0x08000a6c   0x08000a6c   0x00000030   Code   RO         5588    .text               mf_w.l(cdrcmple.o)
    0x08000a9c   0x08000a9c   0x00000038   Code   RO         5590    .text               mf_w.l(d2f.o)
    0x08000ad4   0x08000ad4   0x0000002c   Code   RO         5607    .text               mc_w.l(uidiv.o)
    0x08000b00   0x08000b00   0x00000062   Code   RO         5609    .text               mc_w.l(uldiv.o)
    0x08000b62   0x08000b62   0x0000001e   Code   RO         5611    .text               mc_w.l(llshl.o)
    0x08000b80   0x08000b80   0x00000024   Code   RO         5613    .text               mc_w.l(llsshr.o)
    0x08000ba4   0x08000ba4   0x00000028   Code   RO         5617    .text               mc_w.l(scanf_char.o)
    0x08000bcc   0x08000bcc   0x00000040   Code   RO         5619    .text               mc_w.l(_sgetc.o)
    0x08000c0c   0x08000c0c   0x00000000   Code   RO         5623    .text               mc_w.l(iusefp.o)
    0x08000c0c   0x08000c0c   0x0000006e   Code   RO         5624    .text               mf_w.l(fepilogue.o)
    0x08000c7a   0x08000c7a   0x000000ba   Code   RO         5626    .text               mf_w.l(depilogue.o)
    0x08000d34   0x08000d34   0x00000018   Code   RO         5628    .text               mf_w.l(dfltul.o)
    0x08000d4c   0x08000d4c   0x00000030   Code   RO         5630    .text               mf_w.l(dfixul.o)
    0x08000d7c   0x08000d7c   0x00000024   Code   RO         5632    .text               mc_w.l(init.o)
    0x08000da0   0x08000da0   0x0000000a   Code   RO         5634    .text               mc_w.l(isspace_c.o)
    0x08000daa   0x08000daa   0x00000002   PAD
    0x08000dac   0x08000dac   0x0000032c   Code   RO         5636    .text               mc_w.l(_scanf.o)
    0x080010d8   0x080010d8   0x00000028   Code   RO         5638    .text               mc_w.l(ctype_c.o)
    0x08001100   0x08001100   0x0000005c   Code   RO         1260    i.ADC_ConversionStop_Disable  stm32f1xx_hal_adc.o
    0x0800115c   0x0800115c   0x00000090   Code   RO         1264    i.ADC_Enable        stm32f1xx_hal_adc.o
    0x080011ec   0x080011ec   0x00000028   Code   RO           13    i.ADC_Select_CH0    main.o
    0x08001214   0x08001214   0x00000028   Code   RO           14    i.ADC_Select_CH1    main.o
    0x0800123c   0x0800123c   0x00000004   Code   RO          373    i.BusFault_Handler  stm32f1xx_it.o
    0x08001240   0x08001240   0x00000002   Code   RO          374    i.DebugMon_Handler  stm32f1xx_it.o
    0x08001242   0x08001242   0x0000001a   Code   RO         3930    i.Delayms           delay_timer.o
    0x0800125c   0x0800125c   0x00000006   Code   RO           15    i.Error_Handler     main.o
    0x08001262   0x08001262   0x00000002   PAD
    0x08001264   0x08001264   0x00000160   Code   RO         1266    i.HAL_ADC_ConfigChannel  stm32f1xx_hal_adc.o
    0x080013c4   0x080013c4   0x00000008   Code   RO         1273    i.HAL_ADC_GetValue  stm32f1xx_hal_adc.o
    0x080013cc   0x080013cc   0x00000144   Code   RO         1275    i.HAL_ADC_Init      stm32f1xx_hal_adc.o
    0x08001510   0x08001510   0x00000094   Code   RO          444    i.HAL_ADC_MspInit   stm32f1xx_hal_msp.o
    0x080015a4   0x080015a4   0x00000180   Code   RO         1279    i.HAL_ADC_PollForConversion  stm32f1xx_hal_adc.o
    0x08001724   0x08001724   0x00000130   Code   RO         1281    i.HAL_ADC_Start     stm32f1xx_hal_adc.o
    0x08001854   0x08001854   0x00000040   Code   RO         1284    i.HAL_ADC_Stop      stm32f1xx_hal_adc.o
    0x08001894   0x08001894   0x00000056   Code   RO         1920    i.HAL_DMA_Abort     stm32f1xx_hal_dma.o
    0x080018ea   0x080018ea   0x00000002   PAD
    0x080018ec   0x080018ec   0x000000b0   Code   RO         1921    i.HAL_DMA_Abort_IT  stm32f1xx_hal_dma.o
    0x0800199c   0x0800199c   0x00000320   Code   RO         1856    i.HAL_GPIO_Init     stm32f1xx_hal_gpio.o
    0x08001cbc   0x08001cbc   0x0000000c   Code   RO         1860    i.HAL_GPIO_WritePin  stm32f1xx_hal_gpio.o
    0x08001cc8   0x08001cc8   0x0000000c   Code   RO         1547    i.HAL_GetTick       stm32f1xx_hal.o
    0x08001cd4   0x08001cd4   0x00000018   Code   RO         1553    i.HAL_IncTick       stm32f1xx_hal.o
    0x08001cec   0x08001cec   0x00000028   Code   RO         1554    i.HAL_Init          stm32f1xx_hal.o
    0x08001d14   0x08001d14   0x00000088   Code   RO          509    i.HAL_InitTick      stm32f1xx_hal_timebase_tim.o
    0x08001d9c   0x08001d9c   0x00000060   Code   RO          445    i.HAL_MspInit       stm32f1xx_hal_msp.o
    0x08001dfc   0x08001dfc   0x00000020   Code   RO         2016    i.HAL_NVIC_EnableIRQ  stm32f1xx_hal_cortex.o
    0x08001e1c   0x08001e1c   0x0000007c   Code   RO         2022    i.HAL_NVIC_SetPriority  stm32f1xx_hal_cortex.o
    0x08001e98   0x08001e98   0x00000028   Code   RO         2023    i.HAL_NVIC_SetPriorityGrouping  stm32f1xx_hal_cortex.o
    0x08001ec0   0x08001ec0   0x00000118   Code   RO         1818    i.HAL_RCCEx_GetPeriphCLKFreq  stm32f1xx_hal_rcc_ex.o
    0x08001fd8   0x08001fd8   0x00000130   Code   RO         1819    i.HAL_RCCEx_PeriphCLKConfig  stm32f1xx_hal_rcc_ex.o
    0x08002108   0x08002108   0x0000018c   Code   RO         1711    i.HAL_RCC_ClockConfig  stm32f1xx_hal_rcc.o
    0x08002294   0x08002294   0x00000044   Code   RO         1715    i.HAL_RCC_GetClockConfig  stm32f1xx_hal_rcc.o
    0x080022d8   0x080022d8   0x0000000c   Code   RO         1716    i.HAL_RCC_GetHCLKFreq  stm32f1xx_hal_rcc.o
    0x080022e4   0x080022e4   0x00000020   Code   RO         1718    i.HAL_RCC_GetPCLK1Freq  stm32f1xx_hal_rcc.o
    0x08002304   0x08002304   0x00000020   Code   RO         1719    i.HAL_RCC_GetPCLK2Freq  stm32f1xx_hal_rcc.o
    0x08002324   0x08002324   0x00000094   Code   RO         1720    i.HAL_RCC_GetSysClockFreq  stm32f1xx_hal_rcc.o
    0x080023b8   0x080023b8   0x00000464   Code   RO         1723    i.HAL_RCC_OscConfig  stm32f1xx_hal_rcc.o
    0x0800281c   0x0800281c   0x00000002   Code   RO         3259    i.HAL_TIMEx_BreakCallback  stm32f1xx_hal_tim_ex.o
    0x0800281e   0x0800281e   0x00000002   Code   RO         3260    i.HAL_TIMEx_CommutCallback  stm32f1xx_hal_tim_ex.o
    0x08002820   0x08002820   0x00000084   Code   RO         3278    i.HAL_TIMEx_MasterConfigSynchronization  stm32f1xx_hal_tim_ex.o
    0x080028a4   0x080028a4   0x00000066   Code   RO         2544    i.HAL_TIM_Base_Init  stm32f1xx_hal_tim.o
    0x0800290a   0x0800290a   0x00000002   PAD
    0x0800290c   0x0800290c   0x00000054   Code   RO          447    i.HAL_TIM_Base_MspInit  stm32f1xx_hal_msp.o
    0x08002960   0x08002960   0x00000078   Code   RO         2549    i.HAL_TIM_Base_Start_IT  stm32f1xx_hal_tim.o
    0x080029d8   0x080029d8   0x00000108   Code   RO         2553    i.HAL_TIM_ConfigClockSource  stm32f1xx_hal_tim.o
    0x08002ae0   0x08002ae0   0x00000002   Code   RO         2578    i.HAL_TIM_IC_CaptureCallback  stm32f1xx_hal_tim.o
    0x08002ae2   0x08002ae2   0x00000196   Code   RO         2592    i.HAL_TIM_IRQHandler  stm32f1xx_hal_tim.o
    0x08002c78   0x08002c78   0x0000006c   Code   RO          448    i.HAL_TIM_MspPostInit  stm32f1xx_hal_msp.o
    0x08002ce4   0x08002ce4   0x00000002   Code   RO         2595    i.HAL_TIM_OC_DelayElapsedCallback  stm32f1xx_hal_tim.o
    0x08002ce6   0x08002ce6   0x000000fc   Code   RO         2616    i.HAL_TIM_PWM_ConfigChannel  stm32f1xx_hal_tim.o
    0x08002de2   0x08002de2   0x00000066   Code   RO         2619    i.HAL_TIM_PWM_Init  stm32f1xx_hal_tim.o
    0x08002e48   0x08002e48   0x00000002   Code   RO         2621    i.HAL_TIM_PWM_MspInit  stm32f1xx_hal_tim.o
    0x08002e4a   0x08002e4a   0x00000002   Code   RO         2622    i.HAL_TIM_PWM_PulseFinishedCallback  stm32f1xx_hal_tim.o
    0x08002e4c   0x08002e4c   0x000000d4   Code   RO         2624    i.HAL_TIM_PWM_Start  stm32f1xx_hal_tim.o
    0x08002f20   0x08002f20   0x00000018   Code   RO           16    i.HAL_TIM_PeriodElapsedCallback  main.o
    0x08002f38   0x08002f38   0x00000002   Code   RO         2635    i.HAL_TIM_TriggerCallback  stm32f1xx_hal_tim.o
    0x08002f3a   0x08002f3a   0x00000002   Code   RO         3537    i.HAL_UARTEx_RxEventCallback  stm32f1xx_hal_uart.o
    0x08002f3c   0x08002f3c   0x00000002   Code   RO         3551    i.HAL_UART_ErrorCallback  stm32f1xx_hal_uart.o
    0x08002f3e   0x08002f3e   0x00000002   PAD
    0x08002f40   0x08002f40   0x0000024c   Code   RO         3554    i.HAL_UART_IRQHandler  stm32f1xx_hal_uart.o
    0x0800318c   0x0800318c   0x00000072   Code   RO         3555    i.HAL_UART_Init     stm32f1xx_hal_uart.o
    0x080031fe   0x080031fe   0x00000002   PAD
    0x08003200   0x08003200   0x00000098   Code   RO          450    i.HAL_UART_MspInit  stm32f1xx_hal_msp.o
    0x08003298   0x08003298   0x00000042   Code   RO         3560    i.HAL_UART_Receive_IT  stm32f1xx_hal_uart.o
    0x080032da   0x080032da   0x00000002   PAD
    0x080032dc   0x080032dc   0x0000004c   Code   RO           17    i.HAL_UART_RxCpltCallback  main.o
    0x08003328   0x08003328   0x000000d2   Code   RO         3563    i.HAL_UART_Transmit  stm32f1xx_hal_uart.o
    0x080033fa   0x080033fa   0x00000002   Code   RO         3566    i.HAL_UART_TxCpltCallback  stm32f1xx_hal_uart.o
    0x080033fc   0x080033fc   0x00000004   Code   RO          375    i.HardFault_Handler  stm32f1xx_it.o
    0x08003400   0x08003400   0x0000005c   Code   RO           18    i.MX_ADC1_Init      main.o
    0x0800345c   0x0800345c   0x00000074   Code   RO           19    i.MX_ADC2_Init      main.o
    0x080034d0   0x080034d0   0x0000008c   Code   RO           20    i.MX_GPIO_Init      main.o
    0x0800355c   0x0800355c   0x000000a0   Code   RO           21    i.MX_TIM2_Init      main.o
    0x080035fc   0x080035fc   0x0000006c   Code   RO           22    i.MX_TIM3_Init      main.o
    0x08003668   0x08003668   0x00000038   Code   RO           23    i.MX_USART1_UART_Init  main.o
    0x080036a0   0x080036a0   0x00000004   Code   RO          376    i.MemManage_Handler  stm32f1xx_it.o
    0x080036a4   0x080036a4   0x00000004   Code   RO          377    i.NMI_Handler       stm32f1xx_it.o
    0x080036a8   0x080036a8   0x00000024   Code   RO           24    i.Pluse             main.o
    0x080036cc   0x080036cc   0x0000001c   Code   RO           25    i.Pluse100          main.o
    0x080036e8   0x080036e8   0x00000028   Code   RO         1724    i.RCC_Delay         stm32f1xx_hal_rcc.o
    0x08003710   0x08003710   0x000000b0   Code   RO           26    i.ReadVol_PA0       main.o
    0x080037c0   0x080037c0   0x0000007c   Code   RO           27    i.ReadVol_PA1       main.o
    0x0800383c   0x0800383c   0x00000084   Code   RO           28    i.ReadVol_Vref      main.o
    0x080038c0   0x080038c0   0x00000034   Code   RO         5170    i.SysTick_Handler   port.o
    0x080038f4   0x080038f4   0x00000084   Code   RO           29    i.SystemClock_Config  main.o
    0x08003978   0x08003978   0x00000002   Code   RO         3894    i.SystemInit        system_stm32f1xx.o
    0x0800397a   0x0800397a   0x00000002   PAD
    0x0800397c   0x0800397c   0x00000010   Code   RO          378    i.TIM4_IRQHandler   stm32f1xx_it.o
    0x0800398c   0x0800398c   0x00000074   Code   RO         2637    i.TIM_Base_SetConfig  stm32f1xx_hal_tim.o
    0x08003a00   0x08003a00   0x00000022   Code   RO         2638    i.TIM_CCxChannelCmd  stm32f1xx_hal_tim.o
    0x08003a22   0x08003a22   0x00000016   Code   RO         2648    i.TIM_ETR_SetConfig  stm32f1xx_hal_tim.o
    0x08003a38   0x08003a38   0x00000012   Code   RO         2649    i.TIM_ITRx_SetConfig  stm32f1xx_hal_tim.o
    0x08003a4a   0x08003a4a   0x00000002   PAD
    0x08003a4c   0x08003a4c   0x00000060   Code   RO         2650    i.TIM_OC1_SetConfig  stm32f1xx_hal_tim.o
    0x08003aac   0x08003aac   0x00000068   Code   RO         2651    i.TIM_OC2_SetConfig  stm32f1xx_hal_tim.o
    0x08003b14   0x08003b14   0x00000068   Code   RO         2652    i.TIM_OC3_SetConfig  stm32f1xx_hal_tim.o
    0x08003b7c   0x08003b7c   0x00000048   Code   RO         2653    i.TIM_OC4_SetConfig  stm32f1xx_hal_tim.o
    0x08003bc4   0x08003bc4   0x00000026   Code   RO         2655    i.TIM_TI1_ConfigInputStage  stm32f1xx_hal_tim.o
    0x08003bea   0x08003bea   0x00000028   Code   RO         2657    i.TIM_TI2_ConfigInputStage  stm32f1xx_hal_tim.o
    0x08003c12   0x08003c12   0x00000002   PAD
    0x08003c14   0x08003c14   0x00000054   Code   RO           30    i.TranVol_PA0       main.o
    0x08003c68   0x08003c68   0x00000054   Code   RO           31    i.TranVol_PA1       main.o
    0x08003cbc   0x08003cbc   0x00000018   Code   RO           32    i.TranVol_Vref      main.o
    0x08003cd4   0x08003cd4   0x0000001c   Code   RO           33    i.Tranfer_Receive   main.o
    0x08003cf0   0x08003cf0   0x000001e8   Code   RO           34    i.Trans_UART        main.o
    0x08003ed8   0x08003ed8   0x00000014   Code   RO         3568    i.UART_DMAAbortOnError  stm32f1xx_hal_uart.o
    0x08003eec   0x08003eec   0x00000036   Code   RO         3578    i.UART_EndRxTransfer  stm32f1xx_hal_uart.o
    0x08003f22   0x08003f22   0x00000020   Code   RO         3579    i.UART_EndTransmit_IT  stm32f1xx_hal_uart.o
    0x08003f42   0x08003f42   0x000000e4   Code   RO         3581    i.UART_Receive_IT   stm32f1xx_hal_uart.o
    0x08004026   0x08004026   0x00000002   PAD
    0x08004028   0x08004028   0x000000fc   Code   RO         3582    i.UART_SetConfig    stm32f1xx_hal_uart.o
    0x08004124   0x08004124   0x00000046   Code   RO         3584    i.UART_Start_Receive_IT  stm32f1xx_hal_uart.o
    0x0800416a   0x0800416a   0x00000060   Code   RO         3585    i.UART_Transmit_IT  stm32f1xx_hal_uart.o
    0x080041ca   0x080041ca   0x0000006c   Code   RO         3586    i.UART_WaitOnFlagUntilTimeout  stm32f1xx_hal_uart.o
    0x08004236   0x08004236   0x00000002   PAD
    0x08004238   0x08004238   0x00000010   Code   RO          379    i.USART1_IRQHandler  stm32f1xx_it.o
    0x08004248   0x08004248   0x00000004   Code   RO          380    i.UsageFault_Handler  stm32f1xx_it.o
    0x0800424c   0x0800424c   0x0000001c   Code   RO           35    i.Voltage           main.o
    0x08004268   0x08004268   0x00000020   Code   RO         5506    i.__0printf         mc_w.l(printfa.o)
    0x08004288   0x08004288   0x00000030   Code   RO         5507    i.__0snprintf       mc_w.l(printfa.o)
    0x080042b8   0x080042b8   0x00000028   Code   RO         5508    i.__0sprintf        mc_w.l(printfa.o)
    0x080042e0   0x080042e0   0x00000010   Code   RO         2029    i.__NVIC_GetPriorityGrouping  stm32f1xx_hal_cortex.o
    0x080042f0   0x080042f0   0x00000028   Code   RO         2030    i.__NVIC_SetPriority  stm32f1xx_hal_cortex.o
    0x08004318   0x08004318   0x0000005c   Code   RO         5538    i.__free$realloc    mc_w.l(mallocr.o)
    0x08004374   0x08004374   0x00000050   Code   RO         5539    i.__malloc$realloc  mc_w.l(mallocr.o)
    0x080043c4   0x080043c4   0x0000000e   Code   RO         5643    i.__scatterload_copy  mc_w.l(handlers.o)
    0x080043d2   0x080043d2   0x00000002   Code   RO         5644    i.__scatterload_null  mc_w.l(handlers.o)
    0x080043d4   0x080043d4   0x0000000e   Code   RO         5645    i.__scatterload_zeroinit  mc_w.l(handlers.o)
    0x080043e2   0x080043e2   0x00000002   PAD
    0x080043e4   0x080043e4   0x00000184   Code   RO         5513    i._fp_digits        mc_w.l(printfa.o)
    0x08004568   0x08004568   0x0000000e   Code   RO         5566    i._is_digit         mc_w.l(scanf_fp.o)
    0x08004576   0x08004576   0x00000002   PAD
    0x08004578   0x08004578   0x000006dc   Code   RO         5514    i._printf_core      mc_w.l(printfa.o)
    0x08004c54   0x08004c54   0x00000024   Code   RO         5515    i._printf_post_padding  mc_w.l(printfa.o)
    0x08004c78   0x08004c78   0x0000002e   Code   RO         5516    i._printf_pre_padding  mc_w.l(printfa.o)
    0x08004ca6   0x08004ca6   0x00000016   Code   RO         5517    i._snputc           mc_w.l(printfa.o)
    0x08004cbc   0x08004cbc   0x0000000a   Code   RO         5518    i._sputc            mc_w.l(printfa.o)
    0x08004cc6   0x08004cc6   0x00000036   Code   RO          545    i.add_item_to_array  cjson.o
    0x08004cfc   0x08004cfc   0x0000007a   Code   RO          546    i.add_item_to_object  cjson.o
    0x08004d76   0x08004d76   0x00000002   PAD
    0x08004d78   0x08004d78   0x00000020   Code   RO          554    i.cJSON_AddItemToObject  cjson.o
    0x08004d98   0x08004d98   0x00000018   Code   RO          572    i.cJSON_CreateObject  cjson.o
    0x08004db0   0x08004db0   0x00000034   Code   RO          575    i.cJSON_CreateString  cjson.o
    0x08004de4   0x08004de4   0x00000058   Code   RO          579    i.cJSON_Delete      cjson.o
    0x08004e3c   0x08004e3c   0x0000001a   Code   RO          609    i.cJSON_New_Item    cjson.o
    0x08004e56   0x08004e56   0x00000002   PAD
    0x08004e58   0x08004e58   0x00000014   Code   RO          614    i.cJSON_Print       cjson.o
    0x08004e6c   0x08004e6c   0x00000038   Code   RO          627    i.cJSON_strdup      cjson.o
    0x08004ea4   0x08004ea4   0x00000002   Code   RO          629    i.cast_away_const   cjson.o
    0x08004ea6   0x08004ea6   0x00000002   PAD
    0x08004ea8   0x08004ea8   0x00000074   Code   RO          630    i.compare_double    cjson.o
    0x08004f1c   0x08004f1c   0x00000044   Code   RO         3931    i.delayus           delay_timer.o
    0x08004f60   0x08004f60   0x000000b8   Code   RO          632    i.ensure            cjson.o
    0x08005018   0x08005018   0x0000001c   Code   RO           36    i.fputc             main.o
    0x08005034   0x08005034   0x00000004   Code   RO          634    i.get_decimal_point  cjson.o
    0x08005038   0x08005038   0x00000050   Code   RO         5540    i.internal_alloc    mc_w.l(mallocr.o)
    0x08005088   0x08005088   0x00000130   Code   RO           37    i.main              main.o
    0x080051b8   0x080051b8   0x0000000e   Code   RO         4741    i.makeFreeRtosPriority  cmsis_os.o
    0x080051c6   0x080051c6   0x00000018   Code   RO         4743    i.osDelay           cmsis_os.o
    0x080051de   0x080051de   0x0000000a   Code   RO         4746    i.osKernelStart     cmsis_os.o
    0x080051e8   0x080051e8   0x0000005e   Code   RO         4780    i.osThreadCreate    cmsis_os.o
    0x08005246   0x08005246   0x000000b2   Code   RO          643    i.print             cjson.o
    0x080052f8   0x080052f8   0x000000b2   Code   RO          644    i.print_array       cjson.o
    0x080053aa   0x080053aa   0x00000002   PAD
    0x080053ac   0x080053ac   0x00000154   Code   RO          645    i.print_number      cjson.o
    0x08005500   0x08005500   0x00000174   Code   RO          646    i.print_object      cjson.o
    0x08005674   0x08005674   0x00000010   Code   RO          647    i.print_string      cjson.o
    0x08005684   0x08005684   0x00000174   Code   RO          648    i.print_string_ptr  cjson.o
    0x080057f8   0x080057f8   0x00000104   Code   RO          649    i.print_value       cjson.o
    0x080058fc   0x080058fc   0x00000098   Code   RO         4427    i.prvAddCurrentTaskToDelayedList  tasks.o
    0x08005994   0x08005994   0x000000b4   Code   RO         4428    i.prvAddNewTaskToReadyList  tasks.o
    0x08005a48   0x08005a48   0x00000048   Code   RO         4429    i.prvCheckTasksWaitingTermination  tasks.o
    0x08005a90   0x08005a90   0x00000050   Code   RO         4430    i.prvDeleteTCB      tasks.o
    0x08005ae0   0x08005ae0   0x0000007c   Code   RO         5108    i.prvHeapInit       heap_4.o
    0x08005b5c   0x08005b5c   0x00000028   Code   RO         4431    i.prvIdleTask       tasks.o
    0x08005b84   0x08005b84   0x000000aa   Code   RO         4432    i.prvInitialiseNewTask  tasks.o
    0x08005c2e   0x08005c2e   0x00000002   PAD
    0x08005c30   0x08005c30   0x00000068   Code   RO         4433    i.prvInitialiseTaskLists  tasks.o
    0x08005c98   0x08005c98   0x00000068   Code   RO         5109    i.prvInsertBlockIntoFreeList  heap_4.o
    0x08005d00   0x08005d00   0x00000034   Code   RO         4434    i.prvResetNextTaskUnblockTime  tasks.o
    0x08005d34   0x08005d34   0x00000040   Code   RO         5171    i.prvTaskExitError  port.o
    0x08005d74   0x08005d74   0x0000013c   Code   RO         5110    i.pvPortMalloc      heap_4.o
    0x08005eb0   0x08005eb0   0x00000024   Code   RO         5172    i.pxPortInitialiseStack  port.o
    0x08005ed4   0x08005ed4   0x0000006c   Code   RO         5541    i.realloc           mc_w.l(mallocr.o)
    0x08005f40   0x08005f40   0x00000006   Code   RO          654    i.suffix_object     cjson.o
    0x08005f46   0x08005f46   0x00000002   PAD
    0x08005f48   0x08005f48   0x0000006c   Code   RO           38    i.uart_json         main.o
    0x08005fb4   0x08005fb4   0x00000024   Code   RO          655    i.update_offset     cjson.o
    0x08005fd8   0x08005fd8   0x00000028   Code   RO         4065    i.uxListRemove      list.o
    0x08006000   0x08006000   0x00000018   Code   RO          339    i.vApplicationGetIdleTaskMemory  freertos.o
    0x08006018   0x08006018   0x0000001a   Code   RO         4066    i.vListInitialise   list.o
    0x08006032   0x08006032   0x00000006   Code   RO         4067    i.vListInitialiseItem  list.o
    0x08006038   0x08006038   0x00000034   Code   RO         4068    i.vListInsert       list.o
    0x0800606c   0x0800606c   0x00000018   Code   RO         4069    i.vListInsertEnd    list.o
    0x08006084   0x08006084   0x00000054   Code   RO         5174    i.vPortEnterCritical  port.o
    0x080060d8   0x080060d8   0x0000003c   Code   RO         5175    i.vPortExitCritical  port.o
    0x08006114   0x08006114   0x00000094   Code   RO         5111    i.vPortFree         heap_4.o
    0x080061a8   0x080061a8   0x00000028   Code   RO         5176    i.vPortSetupTimerInterrupt  port.o
    0x080061d0   0x080061d0   0x0000005c   Code   RO         4442    i.vTaskDelay        tasks.o
    0x0800622c   0x0800622c   0x000000b0   Code   RO         4455    i.vTaskStartScheduler  tasks.o
    0x080062dc   0x080062dc   0x00000010   Code   RO         4457    i.vTaskSuspendAll   tasks.o
    0x080062ec   0x080062ec   0x0000008c   Code   RO         4458    i.vTaskSwitchContext  tasks.o
    0x08006378   0x08006378   0x000000f8   Code   RO         5178    i.xPortStartScheduler  port.o
    0x08006470   0x08006470   0x00000064   Code   RO         4460    i.xTaskCreate       tasks.o
    0x080064d4   0x080064d4   0x000000b8   Code   RO         4461    i.xTaskCreateStatic  tasks.o
    0x0800658c   0x0800658c   0x00000148   Code   RO         4468    i.xTaskIncrementTick  tasks.o
    0x080066d4   0x080066d4   0x00000104   Code   RO         4474    i.xTaskResumeAll    tasks.o
    0x080067d8   0x080067d8   0x00000054   Data   RO           40    .constdata          main.o
    0x0800682c   0x0800682c   0x00000018   Data   RO         3895    .constdata          system_stm32f1xx.o
    0x08006844   0x08006844   0x00000040   Data   RO         5639    .constdata          mc_w.l(ctype_c.o)
    0x08006884   0x08006884   0x00000026   Data   RO           41    .conststring        main.o
    0x080068aa   0x080068aa   0x00000002   PAD
    0x080068ac   0x080068ac   0x00000020   Data   RO         5641    Region$$Table       anon$$obj.o


    Execution Region RW_IRAM1 (Exec base: 0x20000000, Load base: 0x080068cc, Size: 0x00001aa8, Max: 0x00005000, ABSOLUTE)

    Exec Addr    Load Addr    Size         Type   Attr      Idx    E Section Name        Object

    0x20000000   0x080068cc   0x00000024   Data   RW           42    .data               main.o
    0x20000024   0x080068f0   0x00000014   Data   RW          658    .data               cjson.o
    0x20000038   0x08006904   0x00000009   Data   RW         1561    .data               stm32f1xx_hal.o
    0x20000041   0x0800690d   0x00000003   PAD
    0x20000044   0x08006910   0x00000004   Data   RW         3896    .data               system_stm32f1xx.o
    0x20000048   0x08006914   0x0000003c   Data   RW         4477    .data               tasks.o
    0x20000084   0x08006950   0x00000018   Data   RW         5116    .data               heap_4.o
    0x2000009c   0x08006968   0x0000000c   Data   RW         5179    .data               port.o
    0x200000a8   0x08006974   0x00000004   Data   RW         5606    .data               mc_w.l(stdout.o)
    0x200000ac   0x08006978   0x00000004   Data   RW         5615    .data               mc_w.l(mvars.o)
    0x200000b0   0x0800697c   0x00000004   Data   RW         5616    .data               mc_w.l(mvars.o)
    0x200000b4        -       0x00000468   Zero   RW           39    .bss                main.o
    0x2000051c        -       0x00000254   Zero   RW          340    .bss                freertos.o
    0x20000770        -       0x00000048   Zero   RW          512    .bss                stm32f1xx_hal_timebase_tim.o
    0x200007b8        -       0x000000f0   Zero   RW         4476    .bss                tasks.o
    0x200008a8        -       0x00000c00   Zero   RW         5115    .bss                heap_4.o
    0x200014a8        -       0x00000200   Zero   RW            2    HEAP                startup_stm32f103xb.o
    0x200016a8        -       0x00000400   Zero   RW            1    STACK               startup_stm32f103xb.o


==============================================================================

Image component sizes


      Code (inc. data)   RO Data    RW Data    ZI Data      Debug   Object Name

      2538        100          0         20          0      23814   cjson.o
       142          0          0          0          0      22127   cmsis_os.o
        94          8          0          0          0       1100   delay_timer.o
         0          0          0          0          0      18212   event_groups.o
        24         10          0          0        596       1252   freertos.o
       692         62          0         24       3072       7263   heap_4.o
       148          0          0          0          0       3442   list.o
      2662        624        122         36       1128     489347   main.o
       734         64          0         12          0      10444   port.o
        36          8        236          0       1536        808   startup_stm32f103xb.o
        76         20          0          9          0       4666   stm32f1xx_hal.o
      1672         62          0          0          0       7111   stm32f1xx_hal_adc.o
       252         22          0          0          0      28694   stm32f1xx_hal_cortex.o
       262          4          0          0          0       1767   stm32f1xx_hal_dma.o
       812         34          0          0          0       2688   stm32f1xx_hal_gpio.o
       588         60          0          0          0       3684   stm32f1xx_hal_msp.o
      1852        120          0          0          0       6669   stm32f1xx_hal_rcc.o
       584         46          0          0          0       2421   stm32f1xx_hal_rcc_ex.o
      2112         60          0          0          0      15608   stm32f1xx_hal_tim.o
       136         14          0          0          0       2413   stm32f1xx_hal_tim_ex.o
       136         18          0          0         72       1471   stm32f1xx_hal_timebase_tim.o
      1844         10          0          0          0      11332   stm32f1xx_hal_uart.o
        54         12          0          0          0       3571   stm32f1xx_it.o
         2          0         24          4          0       1131   system_stm32f1xx.o
      2146        270          0         60        240      17041   tasks.o

    ----------------------------------------------------------------------
     19634       1628        416        168       6644     688076   Object Totals
         0          0         32          0          0          0   (incl. Generated)
        36          0          2          3          0          0   (incl. Padding)

    ----------------------------------------------------------------------

      Code (inc. data)   RO Data    RW Data    ZI Data      Debug   Library Member Name

        56          8          0          0          0         84   __0sscanf.o
       812          4          0          0          0        112   _scanf.o
        64          0          0          0          0         84   _sgetc.o
        40          6         64          0          0         68   ctype_c.o
         0          0          0          0          0          0   entry.o
         0          0          0          0          0          0   entry10a.o
         0          0          0          0          0          0   entry11a.o
         8          4          0          0          0          0   entry2.o
         4          0          0          0          0          0   entry5.o
         0          0          0          0          0          0   entry7b.o
         0          0          0          0          0          0   entry8b.o
         8          4          0          0          0          0   entry9a.o
        30          0          0          0          0          0   handlers.o
        36          8          0          0          0         68   init.o
        10          0          0          0          0         68   isspace_c.o
         0          0          0          0          0          0   iusefp.o
        30          0          0          0          0         68   llshl.o
        36          0          0          0          0         68   llsshr.o
        32          0          0          0          0         68   llushr.o
       360         30          0          0          0        356   mallocr.o
        36          0          0          0          0         68   memcpya.o
        36          0          0          0          0        108   memseta.o
         0          0          0          8          0          0   mvars.o
      2378        100          0          0          0        756   printfa.o
        40          8          0          0          0         84   scanf_char.o
       878         12          0          0          0        216   scanf_fp.o
         0          0          0          4          0          0   stdout.o
        28          0          0          0          0         76   strcmp.o
        18          0          0          0          0         68   strcpy.o
        14          0          0          0          0         68   strlen.o
        44          0          0          0          0         80   uidiv.o
        98          0          0          0          0         92   uldiv.o
        48          0          0          0          0         68   cdcmple.o
        48          0          0          0          0         68   cdrcmple.o
        56          0          0          0          0         88   d2f.o
       334          0          0          0          0        148   dadd.o
       222          0          0          0          0        100   ddiv.o
       186          0          0          0          0        176   depilogue.o
        48          0          0          0          0         68   dfixul.o
        34          0          0          0          0         76   dflti.o
        24          0          0          0          0         76   dfltul.o
       228          0          0          0          0         96   dmul.o
        38          0          0          0          0         68   f2d.o
       124          0          0          0          0         88   fdiv.o
       110          0          0          0          0        168   fepilogue.o
        10          0          0          0          0         68   ffltui.o
       100          0          0          0          0         76   fmul.o

    ----------------------------------------------------------------------
      6714        184         64         12          0       4092   Library Totals
         8          0          0          0          0          0   (incl. Padding)

    ----------------------------------------------------------------------

      Code (inc. data)   RO Data    RW Data    ZI Data      Debug   Library Name

      5096        184         64         12          0       2660   mc_w.l
      1610          0          0          0          0       1432   mf_w.l

    ----------------------------------------------------------------------
      6714        184         64         12          0       4092   Library Totals

    ----------------------------------------------------------------------

==============================================================================


      Code (inc. data)   RO Data    RW Data    ZI Data      Debug   

     26348       1812        480        180       6644     681244   Grand Totals
     26348       1812        480        180       6644     681244   ELF Image Totals
     26348       1812        480        180          0          0   ROM Totals

==============================================================================

    Total RO  Size (Code + RO Data)                26828 (  26.20kB)
    Total RW  Size (RW Data + ZI Data)              6824 (   6.66kB)
    Total ROM Size (Code + RO Data + RW Data)      27008 (  26.38kB)

==============================================================================

